hosts [node0:8080 node1:8080 node2:8080 node3:8080]
theta 0.99
workload YCSB-B
secs 30
Client 20 finished operations.
Client 0 completed 160614 operations.
Client 149 finished operations.
Client 1 completed 155612 operations.
Client 213 finished operations.
Client 2 completed 155618 operations.
Client 229 finished operations.
Client 3 completed 151562 operations.
Client 21 finished operations.
Client 4 completed 159574 operations.
Client 124 finished operations.
Client 5 completed 162601 operations.
Client 216 finished operations.
Client 6 completed 164484 operations.
Client 251 finished operations.
Client 7 completed 155542 operations.
Client 46 finished operations.
Client 8 completed 156630 operations.
Client 4 finished operations.
Client 9 completed 157537 operations.
Client 80 finished operations.
Client 10 completed 158621 operations.
Client 129 finished operations.
Client 11 completed 164623 operations.
Client 241 finished operations.
Client 12 completed 154601 operations.
Client 219 finished operations.
Client 13 completed 159581 operations.
Client 155 finished operations.
Client 14 completed 159481 operations.
Client 202 finished operations.
Client 15 completed 158414 operations.
Client 106 finished operations.
Client 16 completed 159527 operations.
Client 138 finished operations.
Client 17 completed 158654 operations.
Client 42 finished operations.
Client 18 completed 157419 operations.
Client 51 finished operations.
Client 19 completed 157556 operations.
Client 157 finished operations.
Client 20 completed 155599 operations.
Client 122 finished operations.
Client 21 completed 160488 operations.
Client 87 finished operations.
Client 22 completed 155650 operations.
Client 32 finished operations.
Client 23 completed 157577 operations.
Client 171 finished operations.
Client 24 completed 157512 operations.
Client 59 finished operations.
Client 25 completed 160630 operations.
Client 183 finished operations.
Client 26 completed 156726 operations.
Client 135 finished operations.
Client 27 completed 158506 operations.
Client 168 finished operations.
Client 28 completed 155646 operations.
Client 60 finished operations.
Client 29 completed 158582 operations.
Client 145 finished operations.
Client 30 completed 154524 operations.
Client 108 finished operations.
Client 31 completed 157594 operations.
Client 200 finished operations.
Client 32 completed 160655 operations.
Client 234 finished operations.
Client 33 completed 156716 operations.
Client 177 finished operations.
Client 34 completed 156560 operations.
Client 115 finished operations.
Client 35 completed 155579 operations.
Client 221 finished operations.
Client 36 completed 155705 operations.
Client 23 finished operations.
Client 37 completed 159523 operations.
Client 246 finished operations.
Client 38 completed 160585 operations.
Client 210 finished operations.
Client 39 completed 156550 operations.
Client 207 finished operations.
Client 40 completed 159553 operations.
Client 40 finished operations.
Client 41 completed 159562 operations.
Client 233 finished operations.
Client 42 completed 158600 operations.
Client 16 finished operations.
Client 43 completed 157521 operations.
Client 247 finished operations.
Client 44 completed 152667 operations.
Client 162 finished operations.
Client 45 completed 158667 operations.
Client 118 finished operations.
Client 46 completed 157537 operations.
Client 208 finished operations.
Client 47 completed 158505 operations.
Client 172 finished operations.
Client 48 completed 159556 operations.
Client 22 finished operations.
Client 49 completed 159612 operations.
Client 17 finished operations.
Client 50 completed 156529 operations.
Client 8 finished operations.
Client 51 completed 156531 operations.
Client 180 finished operations.
Client 52 completed 157579 operations.
Client 226 finished operations.
Client 53 completed 156588 operations.
Client 199 finished operations.
Client 54 completed 159567 operations.
Client 203 finished operations.
Client 55 completed 155588 operations.
Client 197 finished operations.
Client 56 completed 159601 operations.
Client 82 finished operations.
Client 57 completed 155586 operations.
Client 253 finished operations.
Client 58 completed 157678 operations.
Client 179 finished operations.
Client 59 completed 159466 operations.
Client 61 finished operations.
Client 60 completed 160543 operations.
Client 117 finished operations.
Client 61 completed 155575 operations.
Client 71 finished operations.
Client 62 completed 157436 operations.
Client 224 finished operations.
Client 63 completed 158528 operations.
Client 146 finished operations.
Client 64 completed 152588 operations.
Client 45 finished operations.
Client 65 completed 157484 operations.
Client 88 finished operations.
Client 66 completed 157596 operations.
Client 15 finished operations.
Client 67 completed 156675 operations.
Client 79 finished operations.
Client 68 completed 160655 operations.
Client 94 finished operations.
Client 69 completed 159494 operations.
Client 201 finished operations.
Client 70 completed 157512 operations.
Client 1 finished operations.
Client 218 finished operations.
Client 71 completed 159626 operations.
Client 72 completed 155617 operations.
Client 53 finished operations.
Client 73 completed 155543 operations.
Client 7 finished operations.
Client 74 completed 158648 operations.
Client 191 finished operations.
Client 75 completed 153706 operations.
Client 165 finished operations.
Client 76 completed 159560 operations.
Client 44 finished operations.
Client 77 completed 155564 operations.
Client 31 finished operations.
Client 78 completed 158742 operations.
Client 96 finished operations.
Client 79 completed 156559 operations.
Client 116 finished operations.
Client 80 completed 158523 operations.
Client 89 finished operations.
Client 81 completed 157576 operations.
Client 153 finished operations.
Client 82 completed 160546 operations.
Client 193 finished operations.
Client 83 completed 157561 operations.
Client 173 finished operations.
Client 84 completed 159545 operations.
Client 182 finished operations.
Client 85 completed 157547 operations.
Client 230 finished operations.
Client 86 completed 155655 operations.
Client 47 finished operations.
Client 87 completed 159576 operations.
Client 39 finished operations.
Client 88 completed 156608 operations.
Client 252 finished operations.
Client 89 completed 157723 operations.
Client 70 finished operations.
Client 90 completed 160566 operations.
Client 54 finished operations.
Client 91 completed 156521 operations.
Client 139 finished operations.
Client 92 completed 155581 operations.
Client 141 finished operations.
Client 93 completed 157517 operations.
Client 112 finished operations.
Client 94 completed 159479 operations.
Client 101 finished operations.
Client 95 completed 154498 operations.
Client 78 finished operations.
Client 96 completed 155615 operations.
Client 223 finished operations.
Client 97 completed 158612 operations.
Client 243 finished operations.
Client 98 completed 157509 operations.
Client 164 finished operations.
Client 99 completed 160623 operations.
Client 123 finished operations.
Client 100 completed 154570 operations.
Client 144 finished operations.
Client 101 completed 154653 operations.
Client 102 finished operations.
Client 102 completed 157574 operations.
Client 156 finished operations.
Client 103 completed 158581 operations.
Client 166 finished operations.
Client 104 completed 161569 operations.
Client 150 finished operations.
Client 105 completed 159710 operations.
Client 3 finished operations.
Client 106 completed 155555 operations.
Client 57 finished operations.
Client 107 completed 160479 operations.
Client 151 finished operations.
Client 108 completed 163529 operations.
Client 92 finished operations.
Client 109 completed 157548 operations.
Client 211 finished operations.
Client 110 completed 157501 operations.
Client 66 finished operations.
Client 111 completed 156607 operations.
Client 100 finished operations.
Client 112 completed 157491 operations.
Client 185 finished operations.
Client 113 completed 160612 operations.
Client 77 finished operations.
Client 114 completed 155540 operations.
Client 131 finished operations.
Client 115 completed 161414 operations.
Client 232 finished operations.
Client 116 completed 159567 operations.
Client 248 finished operations.
Client 117 completed 155569 operations.
Client 13 finished operations.
Client 118 completed 158580 operations.
Client 55 finished operations.
Client 119 completed 156484 operations.
Client 152 finished operations.
Client 120 completed 162501 operations.
Client 49 finished operations.
Client 121 completed 157551 operations.
Client 113 finished operations.
Client 122 completed 156555 operations.
Client 125 finished operations.
Client 123 completed 158675 operations.
Client 114 finished operations.
Client 124 completed 162658 operations.
Client 14 finished operations.
Client 125 completed 160507 operations.
Client 169 finished operations.
Client 126 completed 161611 operations.
Client 5 finished operations.
Client 127 completed 159503 operations.
Client 148 finished operations.
Client 128 completed 160545 operations.
Client 147 finished operations.
Client 129 completed 158763 operations.
Client 6 finished operations.
Client 130 completed 157513 operations.
Client 11 finished operations.
Client 131 completed 159520 operations.
Client 25 finished operations.
Client 132 completed 159623 operations.
Client 143 finished operations.
Client 133 completed 155631 operations.
Client 167 finished operations.
Client 134 completed 160506 operations.
Client 2 finished operations.
Client 135 completed 154596 operations.
Client 235 finished operations.
Client 136 completed 157621 operations.
Client 43 finished operations.
Client 137 completed 159539 operations.
Client 209 finished operations.
Client 138 completed 158569 operations.
Client 0 finished operations.
Client 139 completed 158595 operations.
Client 72 finished operations.
Client 140 completed 160601 operations.
Client 161 finished operations.
Client 141 completed 155553 operations.
Client 242 finished operations.
Client 142 completed 163485 operations.
Client 105 finished operations.
Client 143 completed 158571 operations.
Client 65 finished operations.
Client 144 completed 159531 operations.
Client 107 finished operations.
Client 145 completed 156602 operations.
Client 38 finished operations.
Client 146 completed 160686 operations.
Client 194 finished operations.
Client 147 completed 160492 operations.
Client 109 finished operations.
Client 148 completed 158418 operations.
Client 33 finished operations.
Client 149 completed 158529 operations.
Client 174 finished operations.
Client 150 completed 162563 operations.
Client 217 finished operations.
Client 151 completed 157539 operations.
Client 91 finished operations.
Client 26 finished operations.
Client 152 completed 160605 operations.
Client 153 completed 161469 operations.
Client 86 finished operations.
Client 154 completed 158576 operations.
Client 95 finished operations.
Client 155 completed 159533 operations.
Client 63 finished operations.
Client 156 completed 157602 operations.
Client 134 finished operations.
Client 157 completed 160458 operations.
Client 34 finished operations.
Client 158 completed 160477 operations.
Client 255 finished operations.
Client 159 completed 161537 operations.
Client 137 finished operations.
Client 160 completed 157569 operations.
Client 214 finished operations.
Client 161 completed 163605 operations.
Client 93 finished operations.
Client 162 completed 162464 operations.
Client 181 finished operations.
Client 163 completed 157609 operations.
Client 231 finished operations.
Client 164 completed 158480 operations.
Client 69 finished operations.
Client 165 completed 157618 operations.
Client 18 finished operations.
Client 166 completed 156494 operations.
Client 192 finished operations.
Client 167 completed 152514 operations.
Client 228 finished operations.
Client 168 completed 159630 operations.
Client 215 finished operations.
Client 169 completed 160672 operations.
Client 225 finished operations.
Client 170 completed 158611 operations.
Client 83 finished operations.
Client 84 finished operations.
Client 171 completed 158468 operations.
Client 172 completed 159563 operations.
Client 190 finished operations.
Client 173 completed 159573 operations.
Client 119 finished operations.
Client 174 completed 161456 operations.
Client 189 finished operations.
Client 175 completed 157433 operations.
Client 237 finished operations.
Client 176 completed 160591 operations.
Client 104 finished operations.
Client 177 completed 159533 operations.
Client 175 finished operations.
Client 178 completed 157614 operations.
Client 236 finished operations.
Client 179 completed 155611 operations.
Client 81 finished operations.
Client 180 completed 158571 operations.
Client 196 finished operations.
Client 181 completed 156523 operations.
Client 163 finished operations.
Client 182 completed 163483 operations.
Client 250 finished operations.
Client 183 completed 156671 operations.
Client 121 finished operations.
Client 184 completed 157494 operations.
Client 10 finished operations.
Client 185 completed 155651 operations.
Client 212 finished operations.
Client 186 completed 160575 operations.
Client 48 finished operations.
Client 187 completed 158570 operations.
Client 9 finished operations.
Client 188 completed 153416 operations.
Client 254 finished operations.
Client 189 completed 160617 operations.
Client 75 finished operations.
Client 190 completed 157627 operations.
Client 56 finished operations.
Client 191 completed 159555 operations.
Client 58 finished operations.
Client 192 completed 159497 operations.
Client 126 finished operations.
Client 193 completed 158656 operations.
Client 245 finished operations.
Client 194 completed 159504 operations.
Client 120 finished operations.
Client 195 completed 157590 operations.
Client 73 finished operations.
Client 196 completed 158659 operations.
Client 238 finished operations.
Client 197 completed 157601 operations.
Client 27 finished operations.
Client 198 completed 156747 operations.
Client 99 finished operations.
Client 35 finished operations.
Client 199 completed 159508 operations.
Client 200 completed 159665 operations.
Client 68 finished operations.
Client 201 completed 159495 operations.
Client 97 finished operations.
Client 202 completed 158462 operations.
Client 12 finished operations.
Client 203 completed 159519 operations.
Client 178 finished operations.
Client 204 completed 162554 operations.
Client 41 finished operations.
Client 205 completed 156652 operations.
Client 222 finished operations.
Client 206 completed 159551 operations.
Client 24 finished operations.
Client 207 completed 158594 operations.
Client 220 finished operations.
Client 208 completed 160660 operations.
Client 64 finished operations.
Client 209 completed 158702 operations.
Client 140 finished operations.
Client 210 completed 158596 operations.
Client 28 finished operations.
Client 211 completed 157600 operations.
Client 19 finished operations.
Client 212 completed 159535 operations.
Client 130 finished operations.
Client 213 completed 158570 operations.
Client 205 finished operations.
Client 214 completed 157526 operations.
Client 195 finished operations.
Client 215 completed 158535 operations.
Client 110 finished operations.
Client 216 completed 157523 operations.
Client 206 finished operations.
Client 217 completed 161490 operations.
Client 29 finished operations.
Client 218 completed 153673 operations.
Client 98 finished operations.
Client 219 completed 157677 operations.
Client 111 finished operations.
Client 220 completed 161476 operations.
Client 103 finished operations.
Client 221 completed 161604 operations.
Client 90 finished operations.
Client 222 completed 155579 operations.
Client 76 finished operations.
Client 223 completed 159563 operations.
Client 198 finished operations.
Client 224 completed 161555 operations.
Client 128 finished operations.
Client 225 completed 159483 operations.
Client 227 finished operations.
Client 226 completed 158683 operations.
Client 62 finished operations.
Client 227 completed 160552 operations.
Client 244 finished operations.
Client 228 completed 156550 operations.
Client 159 finished operations.
Client 229 completed 156537 operations.
Client 239 finished operations.
Client 230 completed 157599 operations.
Client 142 finished operations.
Client 231 completed 160591 operations.
Client 176 finished operations.
Client 232 completed 155588 operations.
Client 30 finished operations.
Client 233 completed 163454 operations.
Client 187 finished operations.
Client 234 completed 163461 operations.
Client 133 finished operations.
Client 235 completed 158592 operations.
Client 158 finished operations.
Client 236 completed 158547 operations.
Client 74 finished operations.
Client 237 completed 158675 operations.
Client 67 finished operations.
Client 238 completed 157635 operations.
Client 132 finished operations.
Client 239 completed 158465 operations.
Client 136 finished operations.
Client 240 completed 160494 operations.
Client 186 finished operations.
Client 241 completed 158457 operations.
Client 240 finished operations.
Client 242 completed 161683 operations.
Client 170 finished operations.
Client 243 completed 158587 operations.
Client 127 finished operations.
Client 244 completed 162607 operations.
Client 184 finished operations.
Client 245 completed 159446 operations.
Client 52 finished operations.
Client 246 completed 161447 operations.
Client 85 finished operations.
Client 247 completed 161614 operations.
Client 50 finished operations.
Client 204 finished operations.
Client 248 completed 157514 operations.
Client 249 completed 159508 operations.
Client 154 finished operations.
Client 250 completed 156644 operations.
Client 36 finished operations.
Client 251 completed 160530 operations.
Client 188 finished operations.
Client 252 completed 159652 operations.
Client 249 finished operations.
Client 253 completed 157564 operations.
Client 160 finished operations.
Client 254 completed 158618 operations.
Client 37 finished operations.
Client 255 completed 164478 operations.
throughput 1349239.46 ops/s
