hosts [node0:8080 node1:8080 node2:8080 node3:8080]
theta 0.99
workload YCSB-B
secs 30
Client 245 finished operations.
Client 0 completed 157574 operations.
Client 217 finished operations.
Client 1 completed 158534 operations.
Client 48 finished operations.
Client 2 completed 157651 operations.
Client 144 finished operations.
Client 3 completed 155716 operations.
Client 43 finished operations.
Client 4 completed 162582 operations.
Client 85 finished operations.
Client 5 completed 156519 operations.
Client 108 finished operations.
Client 6 completed 168475 operations.
Client 236 finished operations.
Client 7 completed 158558 operations.
Client 152 finished operations.
Client 8 completed 160492 operations.
Client 208 finished operations.
Client 9 completed 159568 operations.
Client 65 finished operations.
Client 10 completed 159574 operations.
Client 199 finished operations.
Client 11 completed 157497 operations.
Client 22 finished operations.
Client 12 completed 160581 operations.
Client 100 finished operations.
Client 13 completed 159599 operations.
Client 180 finished operations.
Client 14 completed 162595 operations.
Client 232 finished operations.
Client 15 completed 158696 operations.
Client 83 finished operations.
Client 16 completed 160490 operations.
Client 125 finished operations.
Client 17 completed 160539 operations.
Client 37 finished operations.
Client 18 completed 157592 operations.
Client 186 finished operations.
Client 19 completed 162471 operations.
Client 154 finished operations.
Client 20 completed 154597 operations.
Client 198 finished operations.
Client 21 completed 156623 operations.
Client 5 finished operations.
Client 22 completed 159590 operations.
Client 36 finished operations.
Client 23 completed 163567 operations.
Client 77 finished operations.
Client 24 completed 160496 operations.
Client 182 finished operations.
Client 25 completed 158556 operations.
Client 229 finished operations.
Client 26 completed 159589 operations.
Client 148 finished operations.
Client 27 completed 160513 operations.
Client 23 finished operations.
Client 28 completed 160451 operations.
Client 228 finished operations.
Client 29 completed 160475 operations.
Client 63 finished operations.
Client 30 completed 160547 operations.
Client 133 finished operations.
Client 31 completed 156515 operations.
Client 88 finished operations.
Client 32 completed 164614 operations.
Client 30 finished operations.
Client 33 completed 158434 operations.
Client 159 finished operations.
Client 34 completed 156538 operations.
Client 52 finished operations.
Client 35 completed 160518 operations.
Client 61 finished operations.
Client 36 completed 156559 operations.
Client 238 finished operations.
Client 37 completed 165597 operations.
Client 179 finished operations.
Client 38 completed 156558 operations.
Client 38 finished operations.
Client 39 completed 156590 operations.
Client 102 finished operations.
Client 40 completed 157611 operations.
Client 32 finished operations.
Client 41 completed 156553 operations.
Client 113 finished operations.
Client 42 completed 158545 operations.
Client 163 finished operations.
Client 43 completed 159493 operations.
Client 197 finished operations.
Client 44 completed 160605 operations.
Client 15 finished operations.
Client 45 completed 161432 operations.
Client 107 finished operations.
Client 46 completed 159581 operations.
Client 8 finished operations.
Client 47 completed 162575 operations.
Client 149 finished operations.
Client 48 completed 157526 operations.
Client 200 finished operations.
Client 49 completed 163401 operations.
Client 127 finished operations.
Client 50 completed 158593 operations.
Client 18 finished operations.
Client 51 completed 159537 operations.
Client 80 finished operations.
Client 52 completed 162498 operations.
Client 221 finished operations.
Client 53 completed 154678 operations.
Client 194 finished operations.
Client 54 completed 158516 operations.
Client 166 finished operations.
Client 55 completed 160704 operations.
Client 105 finished operations.
Client 56 completed 157528 operations.
Client 240 finished operations.
Client 57 completed 155567 operations.
Client 29 finished operations.
Client 58 completed 162499 operations.
Client 195 finished operations.
Client 59 completed 160539 operations.
Client 120 finished operations.
Client 60 completed 157580 operations.
Client 44 finished operations.
Client 61 completed 163585 operations.
Client 189 finished operations.
Client 62 completed 159568 operations.
Client 3 finished operations.
Client 63 completed 160503 operations.
Client 116 finished operations.
Client 64 completed 160398 operations.
Client 235 finished operations.
Client 65 completed 158608 operations.
Client 222 finished operations.
Client 66 completed 162502 operations.
Client 175 finished operations.
Client 67 completed 157624 operations.
Client 53 finished operations.
Client 68 completed 158538 operations.
Client 226 finished operations.
Client 69 completed 159657 operations.
Client 39 finished operations.
Client 70 completed 155482 operations.
Client 58 finished operations.
Client 71 completed 159614 operations.
Client 35 finished operations.
Client 72 completed 162592 operations.
Client 157 finished operations.
Client 73 completed 159469 operations.
Client 99 finished operations.
Client 74 completed 160555 operations.
Client 237 finished operations.
Client 75 completed 157498 operations.
Client 142 finished operations.
Client 76 completed 157541 operations.
Client 224 finished operations.
Client 77 completed 161536 operations.
Client 192 finished operations.
Client 78 completed 160551 operations.
Client 54 finished operations.
Client 79 completed 159530 operations.
Client 170 finished operations.
Client 80 completed 159441 operations.
Client 90 finished operations.
Client 81 completed 155541 operations.
Client 132 finished operations.
Client 82 completed 160667 operations.
Client 223 finished operations.
Client 83 completed 156672 operations.
Client 155 finished operations.
Client 84 completed 154528 operations.
Client 218 finished operations.
Client 85 completed 158597 operations.
Client 128 finished operations.
Client 86 completed 158544 operations.
Client 169 finished operations.
Client 183 finished operations.
Client 87 completed 162481 operations.
Client 88 completed 162562 operations.
Client 111 finished operations.
Client 89 completed 155572 operations.
Client 234 finished operations.
Client 188 finished operations.
Client 90 completed 158498 operations.
Client 91 completed 163532 operations.
Client 0 finished operations.
Client 92 completed 157553 operations.
Client 250 finished operations.
Client 93 completed 162378 operations.
Client 151 finished operations.
Client 103 finished operations.
Client 94 completed 157617 operations.
Client 95 completed 160514 operations.
Client 87 finished operations.
Client 96 completed 162460 operations.
Client 110 finished operations.
Client 97 completed 159628 operations.
Client 171 finished operations.
Client 98 completed 156461 operations.
Client 42 finished operations.
Client 99 completed 160499 operations.
Client 71 finished operations.
Client 100 completed 159468 operations.
Client 140 finished operations.
Client 101 completed 161606 operations.
Client 28 finished operations.
Client 102 completed 162523 operations.
Client 60 finished operations.
Client 103 completed 157606 operations.
Client 41 finished operations.
Client 104 completed 159497 operations.
Client 92 finished operations.
Client 105 completed 152577 operations.
Client 185 finished operations.
Client 106 completed 158513 operations.
Client 101 finished operations.
Client 107 completed 154597 operations.
Client 134 finished operations.
Client 108 completed 161623 operations.
Client 124 finished operations.
Client 109 completed 158653 operations.
Client 96 finished operations.
Client 110 completed 160489 operations.
Client 160 finished operations.
Client 111 completed 161666 operations.
Client 11 finished operations.
Client 112 completed 162605 operations.
Client 161 finished operations.
Client 113 completed 158525 operations.
Client 115 finished operations.
Client 114 completed 162462 operations.
Client 139 finished operations.
Client 115 completed 159537 operations.
Client 207 finished operations.
Client 116 completed 155622 operations.
Client 212 finished operations.
Client 117 completed 163544 operations.
Client 242 finished operations.
Client 118 completed 156710 operations.
Client 241 finished operations.
Client 119 completed 160561 operations.
Client 117 finished operations.
Client 120 completed 163410 operations.
Client 246 finished operations.
Client 121 completed 158455 operations.
Client 204 finished operations.
Client 122 completed 156645 operations.
Client 27 finished operations.
Client 123 completed 161507 operations.
Client 13 finished operations.
Client 124 completed 156569 operations.
Client 34 finished operations.
Client 125 completed 160527 operations.
Client 72 finished operations.
Client 126 completed 162596 operations.
Client 184 finished operations.
Client 127 completed 156571 operations.
Client 7 finished operations.
Client 128 completed 163413 operations.
Client 216 finished operations.
Client 129 completed 159512 operations.
Client 167 finished operations.
Client 130 completed 160508 operations.
Client 10 finished operations.
Client 131 completed 159663 operations.
Client 74 finished operations.
Client 132 completed 169375 operations.
Client 243 finished operations.
Client 133 completed 154660 operations.
Client 57 finished operations.
Client 239 finished operations.
Client 134 completed 162612 operations.
Client 135 completed 159495 operations.
Client 176 finished operations.
Client 136 completed 162473 operations.
Client 76 finished operations.
Client 137 completed 159660 operations.
Client 244 finished operations.
Client 138 completed 158609 operations.
Client 59 finished operations.
Client 139 completed 158556 operations.
Client 191 finished operations.
Client 140 completed 160403 operations.
Client 220 finished operations.
Client 141 completed 162582 operations.
Client 89 finished operations.
Client 142 completed 160478 operations.
Client 156 finished operations.
Client 143 completed 159643 operations.
Client 126 finished operations.
Client 144 completed 160528 operations.
Client 190 finished operations.
Client 145 completed 153500 operations.
Client 20 finished operations.
Client 146 completed 162530 operations.
Client 135 finished operations.
Client 147 completed 158376 operations.
Client 79 finished operations.
Client 148 completed 160490 operations.
Client 158 finished operations.
Client 149 completed 161553 operations.
Client 162 finished operations.
Client 150 completed 160428 operations.
Client 12 finished operations.
Client 151 completed 158459 operations.
Client 248 finished operations.
Client 152 completed 155520 operations.
Client 129 finished operations.
Client 153 completed 153549 operations.
Client 95 finished operations.
Client 154 completed 162562 operations.
Client 231 finished operations.
Client 155 completed 162453 operations.
Client 168 finished operations.
Client 156 completed 156620 operations.
Client 73 finished operations.
Client 157 completed 161532 operations.
Client 178 finished operations.
Client 158 completed 159555 operations.
Client 119 finished operations.
Client 159 completed 165448 operations.
Client 193 finished operations.
Client 160 completed 161506 operations.
Client 174 finished operations.
Client 161 completed 158544 operations.
Client 251 finished operations.
Client 162 completed 158659 operations.
Client 82 finished operations.
Client 163 completed 161527 operations.
Client 164 finished operations.
Client 164 completed 158555 operations.
Client 227 finished operations.
Client 165 completed 159552 operations.
Client 40 finished operations.
Client 166 completed 159447 operations.
Client 21 finished operations.
Client 67 finished operations.
Client 167 completed 159568 operations.
Client 168 completed 161602 operations.
Client 172 finished operations.
Client 169 completed 156522 operations.
Client 24 finished operations.
Client 230 finished operations.
Client 170 completed 162497 operations.
Client 171 completed 159600 operations.
Client 130 finished operations.
Client 172 completed 158543 operations.
Client 196 finished operations.
Client 173 completed 157505 operations.
Client 209 finished operations.
Client 174 completed 158585 operations.
Client 17 finished operations.
Client 175 completed 158601 operations.
Client 145 finished operations.
Client 176 completed 162319 operations.
Client 2 finished operations.
Client 177 completed 156497 operations.
Client 177 finished operations.
Client 178 completed 158435 operations.
Client 203 finished operations.
Client 179 completed 157687 operations.
Client 84 finished operations.
Client 180 completed 160643 operations.
Client 137 finished operations.
Client 181 completed 157531 operations.
Client 173 finished operations.
Client 182 completed 160453 operations.
Client 225 finished operations.
Client 183 completed 160613 operations.
Client 19 finished operations.
Client 184 completed 160408 operations.
Client 81 finished operations.
Client 185 completed 164455 operations.
Client 25 finished operations.
Client 186 completed 159525 operations.
Client 75 finished operations.
Client 187 completed 160464 operations.
Client 94 finished operations.
Client 188 completed 159574 operations.
Client 123 finished operations.
Client 189 completed 161440 operations.
Client 118 finished operations.
Client 190 completed 158633 operations.
Client 46 finished operations.
Client 191 completed 159524 operations.
Client 206 finished operations.
Client 4 finished operations.
Client 192 completed 157362 operations.
Client 193 completed 164350 operations.
Client 31 finished operations.
Client 194 completed 158599 operations.
Client 66 finished operations.
Client 195 completed 158482 operations.
Client 70 finished operations.
Client 196 completed 160441 operations.
Client 153 finished operations.
Client 141 finished operations.
Client 197 completed 159444 operations.
Client 198 completed 162530 operations.
Client 16 finished operations.
Client 131 finished operations.
Client 199 completed 161404 operations.
Client 200 completed 158464 operations.
Client 247 finished operations.
Client 201 completed 158569 operations.
Client 109 finished operations.
Client 202 completed 159510 operations.
Client 211 finished operations.
Client 203 completed 163511 operations.
Client 147 finished operations.
Client 204 completed 162488 operations.
Client 112 finished operations.
Client 205 completed 160493 operations.
Client 213 finished operations.
Client 206 completed 157556 operations.
Client 249 finished operations.
Client 207 completed 158665 operations.
Client 114 finished operations.
Client 208 completed 161410 operations.
Client 136 finished operations.
Client 209 completed 162424 operations.
Client 215 finished operations.
Client 210 completed 159576 operations.
Client 6 finished operations.
Client 211 completed 159515 operations.
Client 91 finished operations.
Client 212 completed 158553 operations.
Client 106 finished operations.
Client 213 completed 159548 operations.
Client 98 finished operations.
Client 214 completed 160582 operations.
Client 50 finished operations.
Client 215 completed 162569 operations.
Client 64 finished operations.
Client 93 finished operations.
Client 216 completed 161482 operations.
Client 97 finished operations.
Client 217 completed 160519 operations.
Client 218 completed 163490 operations.
Client 253 finished operations.
Client 219 completed 164468 operations.
Client 210 finished operations.
Client 220 completed 160546 operations.
Client 254 finished operations.
Client 221 completed 163652 operations.
Client 55 finished operations.
Client 222 completed 157587 operations.
Client 181 finished operations.
Client 223 completed 162376 operations.
Client 9 finished operations.
Client 224 completed 159494 operations.
Client 86 finished operations.
Client 225 completed 153500 operations.
Client 219 finished operations.
Client 226 completed 165555 operations.
Client 49 finished operations.
Client 227 completed 164456 operations.
Client 122 finished operations.
Client 228 completed 162475 operations.
Client 201 finished operations.
Client 229 completed 160532 operations.
Client 121 finished operations.
Client 230 completed 156723 operations.
Client 56 finished operations.
Client 231 completed 164546 operations.
Client 45 finished operations.
Client 232 completed 156577 operations.
Client 62 finished operations.
Client 214 finished operations.
Client 233 completed 158524 operations.
Client 234 completed 157482 operations.
Client 1 finished operations.
Client 235 completed 155520 operations.
Client 252 finished operations.
Client 236 completed 155554 operations.
Client 143 finished operations.
Client 237 completed 159569 operations.
Client 33 finished operations.
Client 238 completed 159439 operations.
Client 26 finished operations.
Client 239 completed 165577 operations.
Client 14 finished operations.
Client 240 completed 165475 operations.
Client 51 finished operations.
Client 241 completed 163393 operations.
Client 138 finished operations.
Client 242 completed 162431 operations.
Client 47 finished operations.
Client 243 completed 159614 operations.
Client 69 finished operations.
Client 244 completed 160594 operations.
Client 255 finished operations.
Client 245 completed 160537 operations.
Client 104 finished operations.
Client 246 completed 157566 operations.
Client 78 finished operations.
Client 247 completed 160498 operations.
Client 205 finished operations.
Client 248 completed 157555 operations.
Client 146 finished operations.
Client 249 completed 157389 operations.
Client 233 finished operations.
Client 250 completed 159527 operations.
Client 150 finished operations.
Client 251 completed 157570 operations.
Client 165 finished operations.
Client 252 completed 158535 operations.
Client 187 finished operations.
Client 253 completed 159519 operations.
Client 68 finished operations.
Client 254 completed 159590 operations.
Client 202 finished operations.
Client 255 completed 154606 operations.
throughput 1358143.33 ops/s
