hosts [node0:8080 node1:8080 node2:8080 node3:8080]
theta 0.99
workload YCSB-B
secs 30
Client 98 finished operations.
Client 0 completed 159595 operations.
Client 18 finished operations.
Client 1 completed 159705 operations.
Client 23 finished operations.
Client 2 completed 156633 operations.
Client 31 finished operations.
Client 127 finished operations.
Client 3 completed 161520 operations.
Client 4 completed 161550 operations.
Client 233 finished operations.
Client 5 completed 161673 operations.
Client 80 finished operations.
Client 6 completed 157634 operations.
Client 75 finished operations.
Client 7 completed 157676 operations.
Client 8 finished operations.
Client 8 completed 159529 operations.
Client 51 finished operations.
Client 9 completed 154558 operations.
Client 254 finished operations.
Client 10 completed 156561 operations.
Client 24 finished operations.
Client 11 completed 157610 operations.
Client 155 finished operations.
Client 12 completed 159630 operations.
Client 105 finished operations.
Client 13 completed 154602 operations.
Client 44 finished operations.
Client 59 finished operations.
Client 14 completed 157636 operations.
Client 15 completed 156556 operations.
Client 25 finished operations.
Client 16 completed 157533 operations.
Client 153 finished operations.
Client 17 completed 157569 operations.
Client 111 finished operations.
Client 18 completed 157528 operations.
Client 166 finished operations.
Client 19 completed 160578 operations.
Client 205 finished operations.
Client 20 completed 157659 operations.
Client 234 finished operations.
Client 21 completed 158564 operations.
Client 252 finished operations.
Client 22 completed 157637 operations.
Client 150 finished operations.
Client 23 completed 158551 operations.
Client 241 finished operations.
Client 24 completed 161600 operations.
Client 144 finished operations.
Client 25 completed 157474 operations.
Client 216 finished operations.
Client 26 completed 162520 operations.
Client 78 finished operations.
Client 27 completed 161339 operations.
Client 93 finished operations.
Client 28 completed 160578 operations.
Client 193 finished operations.
Client 29 completed 159703 operations.
Client 6 finished operations.
Client 30 completed 158530 operations.
Client 15 finished operations.
Client 31 completed 161588 operations.
Client 146 finished operations.
Client 32 completed 159518 operations.
Client 224 finished operations.
Client 33 completed 156583 operations.
Client 239 finished operations.
Client 34 completed 158552 operations.
Client 163 finished operations.
Client 35 completed 160663 operations.
Client 158 finished operations.
Client 36 completed 155572 operations.
Client 250 finished operations.
Client 37 completed 161465 operations.
Client 49 finished operations.
Client 38 completed 156571 operations.
Client 35 finished operations.
Client 39 completed 153488 operations.
Client 53 finished operations.
Client 40 completed 157495 operations.
Client 33 finished operations.
Client 41 completed 157694 operations.
Client 27 finished operations.
Client 42 completed 157419 operations.
Client 29 finished operations.
Client 43 completed 161535 operations.
Client 86 finished operations.
Client 44 completed 160510 operations.
Client 195 finished operations.
Client 45 completed 154704 operations.
Client 169 finished operations.
Client 46 completed 156487 operations.
Client 190 finished operations.
Client 47 completed 161573 operations.
Client 145 finished operations.
Client 39 finished operations.
Client 48 completed 155582 operations.
Client 49 completed 158400 operations.
Client 19 finished operations.
Client 50 completed 160542 operations.
Client 200 finished operations.
Client 51 completed 160648 operations.
Client 120 finished operations.
Client 52 completed 160531 operations.
Client 188 finished operations.
Client 53 completed 158567 operations.
Client 82 finished operations.
Client 54 completed 159526 operations.
Client 10 finished operations.
Client 55 completed 159649 operations.
Client 133 finished operations.
Client 56 completed 158526 operations.
Client 84 finished operations.
Client 57 completed 159498 operations.
Client 229 finished operations.
Client 58 completed 157658 operations.
Client 227 finished operations.
Client 59 completed 162609 operations.
Client 162 finished operations.
Client 60 completed 158565 operations.
Client 215 finished operations.
Client 61 completed 156643 operations.
Client 114 finished operations.
Client 62 completed 158536 operations.
Client 83 finished operations.
Client 63 completed 154714 operations.
Client 161 finished operations.
Client 64 completed 157497 operations.
Client 68 finished operations.
Client 65 completed 157621 operations.
Client 22 finished operations.
Client 66 completed 160594 operations.
Client 101 finished operations.
Client 67 completed 157693 operations.
Client 164 finished operations.
Client 68 completed 158533 operations.
Client 12 finished operations.
Client 69 completed 156602 operations.
Client 248 finished operations.
Client 70 completed 156758 operations.
Client 167 finished operations.
Client 71 completed 160536 operations.
Client 168 finished operations.
Client 72 completed 156608 operations.
Client 136 finished operations.
Client 73 completed 157537 operations.
Client 13 finished operations.
Client 74 completed 158496 operations.
Client 74 finished operations.
Client 75 completed 159561 operations.
Client 194 finished operations.
Client 76 completed 158374 operations.
Client 185 finished operations.
Client 77 completed 153726 operations.
Client 71 finished operations.
Client 78 completed 160547 operations.
Client 212 finished operations.
Client 79 completed 158555 operations.
Client 187 finished operations.
Client 80 completed 157442 operations.
Client 255 finished operations.
Client 81 completed 157486 operations.
Client 222 finished operations.
Client 82 completed 161556 operations.
Client 170 finished operations.
Client 83 completed 156638 operations.
Client 32 finished operations.
Client 84 completed 155689 operations.
Client 217 finished operations.
Client 85 completed 156607 operations.
Client 219 finished operations.
Client 86 completed 157643 operations.
Client 89 finished operations.
Client 87 completed 161634 operations.
Client 228 finished operations.
Client 88 completed 160696 operations.
Client 76 finished operations.
Client 89 completed 155589 operations.
Client 184 finished operations.
Client 90 completed 158671 operations.
Client 123 finished operations.
Client 91 completed 157536 operations.
Client 63 finished operations.
Client 92 completed 156504 operations.
Client 237 finished operations.
Client 93 completed 153746 operations.
Client 171 finished operations.
Client 94 completed 163698 operations.
Client 116 finished operations.
Client 95 completed 156678 operations.
Client 47 finished operations.
Client 96 completed 156614 operations.
Client 165 finished operations.
Client 97 completed 152640 operations.
Client 202 finished operations.
Client 98 completed 152754 operations.
Client 213 finished operations.
Client 99 completed 162475 operations.
Client 61 finished operations.
Client 100 completed 157658 operations.
Client 137 finished operations.
Client 101 completed 164510 operations.
Client 46 finished operations.
Client 102 completed 165676 operations.
Client 220 finished operations.
Client 210 finished operations.
Client 103 completed 156581 operations.
Client 104 completed 162530 operations.
Client 119 finished operations.
Client 105 completed 158596 operations.
Client 181 finished operations.
Client 106 completed 158455 operations.
Client 240 finished operations.
Client 107 completed 158503 operations.
Client 20 finished operations.
Client 108 completed 160483 operations.
Client 226 finished operations.
Client 109 completed 162618 operations.
Client 37 finished operations.
Client 110 completed 158618 operations.
Client 203 finished operations.
Client 111 completed 156628 operations.
Client 140 finished operations.
Client 112 completed 157592 operations.
Client 85 finished operations.
Client 113 completed 158433 operations.
Client 245 finished operations.
Client 114 completed 159544 operations.
Client 197 finished operations.
Client 115 completed 157634 operations.
Client 73 finished operations.
Client 116 completed 158546 operations.
Client 36 finished operations.
Client 117 completed 156555 operations.
Client 96 finished operations.
Client 118 completed 157544 operations.
Client 198 finished operations.
Client 119 completed 158505 operations.
Client 28 finished operations.
Client 120 completed 158669 operations.
Client 156 finished operations.
Client 121 completed 157490 operations.
Client 173 finished operations.
Client 122 completed 156557 operations.
Client 148 finished operations.
Client 123 completed 158498 operations.
Client 206 finished operations.
Client 124 completed 159627 operations.
Client 179 finished operations.
Client 125 completed 158590 operations.
Client 48 finished operations.
Client 126 completed 156604 operations.
Client 134 finished operations.
Client 127 completed 158542 operations.
Client 2 finished operations.
Client 128 completed 163499 operations.
Client 115 finished operations.
Client 129 completed 154683 operations.
Client 152 finished operations.
Client 130 completed 156461 operations.
Client 92 finished operations.
Client 131 completed 160704 operations.
Client 113 finished operations.
Client 132 completed 155579 operations.
Client 251 finished operations.
Client 133 completed 149598 operations.
Client 211 finished operations.
Client 134 completed 162497 operations.
Client 159 finished operations.
Client 135 completed 157626 operations.
Client 221 finished operations.
Client 136 completed 155650 operations.
Client 253 finished operations.
Client 137 completed 154611 operations.
Client 124 finished operations.
Client 138 completed 158446 operations.
Client 180 finished operations.
Client 139 completed 159610 operations.
Client 4 finished operations.
Client 140 completed 159553 operations.
Client 104 finished operations.
Client 141 completed 157501 operations.
Client 129 finished operations.
Client 142 completed 155515 operations.
Client 191 finished operations.
Client 143 completed 159513 operations.
Client 26 finished operations.
Client 144 completed 156573 operations.
Client 118 finished operations.
Client 145 completed 159568 operations.
Client 174 finished operations.
Client 146 completed 159583 operations.
Client 147 finished operations.
Client 147 completed 160532 operations.
Client 87 finished operations.
Client 148 completed 162555 operations.
Client 52 finished operations.
Client 149 completed 159525 operations.
Client 160 finished operations.
Client 150 completed 156703 operations.
Client 64 finished operations.
Client 151 completed 160551 operations.
Client 249 finished operations.
Client 152 completed 161580 operations.
Client 60 finished operations.
Client 153 completed 154551 operations.
Client 106 finished operations.
Client 154 completed 162641 operations.
Client 107 finished operations.
Client 155 completed 160654 operations.
Client 176 finished operations.
Client 156 completed 159603 operations.
Client 235 finished operations.
Client 157 completed 160560 operations.
Client 201 finished operations.
Client 158 completed 160531 operations.
Client 69 finished operations.
Client 159 completed 162523 operations.
Client 214 finished operations.
Client 160 completed 160509 operations.
Client 50 finished operations.
Client 161 completed 159505 operations.
Client 45 finished operations.
Client 162 completed 157543 operations.
Client 139 finished operations.
Client 163 completed 157551 operations.
Client 3 finished operations.
Client 164 completed 159530 operations.
Client 232 finished operations.
Client 165 completed 158681 operations.
Client 62 finished operations.
Client 166 completed 158562 operations.
Client 154 finished operations.
Client 167 completed 159615 operations.
Client 242 finished operations.
Client 168 completed 158628 operations.
Client 208 finished operations.
Client 169 completed 161460 operations.
Client 209 finished operations.
Client 170 completed 160672 operations.
Client 151 finished operations.
Client 171 completed 160552 operations.
Client 112 finished operations.
Client 172 completed 157622 operations.
Client 126 finished operations.
Client 173 completed 159583 operations.
Client 58 finished operations.
Client 174 completed 157655 operations.
Client 110 finished operations.
Client 175 completed 156662 operations.
Client 125 finished operations.
Client 176 completed 158503 operations.
Client 246 finished operations.
Client 177 completed 156628 operations.
Client 43 finished operations.
Client 178 completed 158534 operations.
Client 14 finished operations.
Client 179 completed 157537 operations.
Client 231 finished operations.
Client 65 finished operations.
Client 180 completed 161564 operations.
Client 181 completed 155551 operations.
Client 90 finished operations.
Client 182 completed 157457 operations.
Client 17 finished operations.
Client 183 completed 160424 operations.
Client 132 finished operations.
Client 184 completed 160584 operations.
Client 66 finished operations.
Client 185 completed 160601 operations.
Client 175 finished operations.
Client 186 completed 160669 operations.
Client 143 finished operations.
Client 183 finished operations.
Client 187 completed 156586 operations.
Client 188 completed 158529 operations.
Client 157 finished operations.
Client 189 completed 160546 operations.
Client 178 finished operations.
Client 190 completed 161548 operations.
Client 30 finished operations.
Client 191 completed 157585 operations.
Client 244 finished operations.
Client 192 completed 157679 operations.
Client 121 finished operations.
Client 193 completed 155473 operations.
Client 109 finished operations.
Client 194 completed 160620 operations.
Client 223 finished operations.
Client 195 completed 161562 operations.
Client 131 finished operations.
Client 196 completed 161499 operations.
Client 38 finished operations.
Client 197 completed 158554 operations.
Client 0 finished operations.
Client 198 completed 158527 operations.
Client 182 finished operations.
Client 199 completed 159559 operations.
Client 81 finished operations.
Client 200 completed 161530 operations.
Client 102 finished operations.
Client 201 completed 159599 operations.
Client 42 finished operations.
Client 202 completed 158541 operations.
Client 91 finished operations.
Client 203 completed 159552 operations.
Client 177 finished operations.
Client 204 completed 160572 operations.
Client 5 finished operations.
Client 205 completed 161486 operations.
Client 21 finished operations.
Client 206 completed 159551 operations.
Client 225 finished operations.
Client 207 completed 161527 operations.
Client 135 finished operations.
Client 208 completed 161734 operations.
Client 70 finished operations.
Client 209 completed 155625 operations.
Client 103 finished operations.
Client 210 completed 160504 operations.
Client 117 finished operations.
Client 211 completed 156574 operations.
Client 34 finished operations.
Client 212 completed 162512 operations.
Client 72 finished operations.
Client 213 completed 159447 operations.
Client 95 finished operations.
Client 214 completed 160449 operations.
Client 141 finished operations.
Client 215 completed 162445 operations.
Client 122 finished operations.
Client 216 completed 160613 operations.
Client 11 finished operations.
Client 217 completed 154482 operations.
Client 186 finished operations.
Client 218 completed 162453 operations.
Client 108 finished operations.
Client 219 completed 156565 operations.
Client 130 finished operations.
Client 220 completed 160634 operations.
Client 100 finished operations.
Client 221 completed 161709 operations.
Client 88 finished operations.
Client 222 completed 159579 operations.
Client 238 finished operations.
Client 223 completed 157509 operations.
Client 1 finished operations.
Client 224 completed 157564 operations.
Client 40 finished operations.
Client 225 completed 159545 operations.
Client 54 finished operations.
Client 226 completed 156532 operations.
Client 189 finished operations.
Client 227 completed 158705 operations.
Client 16 finished operations.
Client 228 completed 158490 operations.
Client 149 finished operations.
Client 229 completed 158592 operations.
Client 243 finished operations.
Client 230 completed 161514 operations.
Client 192 finished operations.
Client 231 completed 158412 operations.
Client 128 finished operations.
Client 232 completed 159565 operations.
Client 9 finished operations.
Client 233 completed 158529 operations.
Client 172 finished operations.
Client 234 completed 159499 operations.
Client 196 finished operations.
Client 235 completed 154684 operations.
Client 218 finished operations.
Client 236 completed 157529 operations.
Client 41 finished operations.
Client 237 completed 157490 operations.
Client 247 finished operations.
Client 238 completed 154522 operations.
Client 207 finished operations.
Client 239 completed 158513 operations.
Client 57 finished operations.
Client 240 completed 157551 operations.
Client 204 finished operations.
Client 241 completed 158609 operations.
Client 55 finished operations.
Client 242 completed 161551 operations.
Client 7 finished operations.
Client 243 completed 156495 operations.
Client 99 finished operations.
Client 244 completed 160472 operations.
Client 79 finished operations.
Client 245 completed 159559 operations.
Client 97 finished operations.
Client 246 completed 158623 operations.
Client 94 finished operations.
Client 247 completed 162589 operations.
Client 230 finished operations.
Client 248 completed 153576 operations.
Client 236 finished operations.
Client 249 completed 162600 operations.
Client 77 finished operations.
Client 250 completed 162471 operations.
Client 142 finished operations.
Client 251 completed 161444 operations.
Client 67 finished operations.
Client 252 completed 159518 operations.
Client 199 finished operations.
Client 253 completed 160492 operations.
Client 138 finished operations.
Client 254 completed 156577 operations.
Client 56 finished operations.
Client 255 completed 158563 operations.
throughput 1351051.21 ops/s
