hosts [node0:8080 node1:8080 node2:8080 node3:8080]
theta 0.99
workload YCSB-B
secs 30
Client 216 finished operations.
Client 0 completed 157560 operations.
Client 104 finished operations.
Client 1 completed 156606 operations.
Client 77 finished operations.
Client 2 completed 161579 operations.
Client 47 finished operations.
Client 3 completed 158478 operations.
Client 153 finished operations.
Client 4 completed 161549 operations.
Client 160 finished operations.
Client 5 completed 156747 operations.
Client 179 finished operations.
Client 6 completed 159660 operations.
Client 129 finished operations.
Client 7 completed 157627 operations.
Client 214 finished operations.
Client 8 completed 161523 operations.
Client 202 finished operations.
Client 9 completed 158553 operations.
Client 37 finished operations.
Client 10 completed 158553 operations.
Client 115 finished operations.
Client 11 completed 160513 operations.
Client 4 finished operations.
Client 12 completed 158382 operations.
Client 232 finished operations.
Client 13 completed 159519 operations.
Client 148 finished operations.
Client 14 completed 158512 operations.
Client 185 finished operations.
Client 15 completed 159630 operations.
Client 224 finished operations.
Client 16 completed 158510 operations.
Client 248 finished operations.
Client 17 completed 155618 operations.
Client 211 finished operations.
Client 18 completed 153599 operations.
Client 73 finished operations.
Client 19 completed 159488 operations.
Client 27 finished operations.
Client 20 completed 160542 operations.
Client 84 finished operations.
Client 21 completed 160538 operations.
Client 80 finished operations.
Client 22 completed 155703 operations.
Client 44 finished operations.
Client 23 completed 153586 operations.
Client 98 finished operations.
Client 24 completed 157594 operations.
Client 110 finished operations.
Client 25 completed 157697 operations.
Client 99 finished operations.
Client 26 completed 161439 operations.
Client 252 finished operations.
Client 27 completed 158464 operations.
Client 33 finished operations.
Client 28 completed 158584 operations.
Client 168 finished operations.
Client 29 completed 159521 operations.
Client 226 finished operations.
Client 30 completed 157587 operations.
Client 83 finished operations.
Client 31 completed 162529 operations.
Client 165 finished operations.
Client 32 completed 158596 operations.
Client 188 finished operations.
Client 33 completed 159483 operations.
Client 62 finished operations.
Client 34 completed 157461 operations.
Client 105 finished operations.
Client 35 completed 161443 operations.
Client 11 finished operations.
Client 36 completed 161564 operations.
Client 193 finished operations.
Client 37 completed 157593 operations.
Client 78 finished operations.
Client 38 completed 155641 operations.
Client 30 finished operations.
Client 39 completed 155611 operations.
Client 19 finished operations.
Client 40 completed 159575 operations.
Client 36 finished operations.
Client 162 finished operations.
Client 41 completed 156591 operations.
Client 42 completed 160606 operations.
Client 213 finished operations.
Client 43 completed 156587 operations.
Client 217 finished operations.
Client 44 completed 159387 operations.
Client 237 finished operations.
Client 45 completed 159506 operations.
Client 164 finished operations.
Client 46 completed 156633 operations.
Client 137 finished operations.
Client 47 completed 160550 operations.
Client 215 finished operations.
Client 48 completed 163453 operations.
Client 159 finished operations.
Client 49 completed 159489 operations.
Client 56 finished operations.
Client 50 completed 161491 operations.
Client 219 finished operations.
Client 51 completed 154557 operations.
Client 94 finished operations.
Client 52 completed 160555 operations.
Client 126 finished operations.
Client 131 finished operations.
Client 53 completed 160464 operations.
Client 54 completed 157569 operations.
Client 228 finished operations.
Client 55 completed 156562 operations.
Client 63 finished operations.
Client 56 completed 160508 operations.
Client 90 finished operations.
Client 57 completed 155520 operations.
Client 208 finished operations.
Client 58 completed 158566 operations.
Client 152 finished operations.
Client 59 completed 154652 operations.
Client 88 finished operations.
Client 60 completed 164512 operations.
Client 190 finished operations.
Client 61 completed 159579 operations.
Client 207 finished operations.
Client 62 completed 160649 operations.
Client 93 finished operations.
Client 63 completed 158610 operations.
Client 42 finished operations.
Client 64 completed 163550 operations.
Client 58 finished operations.
Client 65 completed 157502 operations.
Client 138 finished operations.
Client 66 completed 160428 operations.
Client 100 finished operations.
Client 67 completed 158545 operations.
Client 29 finished operations.
Client 68 completed 159463 operations.
Client 2 finished operations.
Client 69 completed 162500 operations.
Client 201 finished operations.
Client 70 completed 162680 operations.
Client 13 finished operations.
Client 71 completed 155512 operations.
Client 242 finished operations.
Client 72 completed 161448 operations.
Client 39 finished operations.
Client 73 completed 157513 operations.
Client 241 finished operations.
Client 74 completed 164580 operations.
Client 134 finished operations.
Client 75 completed 160512 operations.
Client 189 finished operations.
Client 76 completed 157464 operations.
Client 34 finished operations.
Client 77 completed 158618 operations.
Client 149 finished operations.
Client 78 completed 160501 operations.
Client 250 finished operations.
Client 79 completed 156534 operations.
Client 210 finished operations.
Client 80 completed 159481 operations.
Client 130 finished operations.
Client 81 completed 159549 operations.
Client 117 finished operations.
Client 82 completed 160456 operations.
Client 205 finished operations.
Client 83 completed 158464 operations.
Client 8 finished operations.
Client 84 completed 161398 operations.
Client 31 finished operations.
Client 85 completed 158559 operations.
Client 46 finished operations.
Client 86 completed 154566 operations.
Client 156 finished operations.
Client 87 completed 158643 operations.
Client 0 finished operations.
Client 88 completed 156620 operations.
Client 175 finished operations.
Client 89 completed 158554 operations.
Client 150 finished operations.
Client 90 completed 155555 operations.
Client 32 finished operations.
Client 91 completed 160505 operations.
Client 169 finished operations.
Client 92 completed 155630 operations.
Client 184 finished operations.
Client 93 completed 155630 operations.
Client 251 finished operations.
Client 94 completed 160579 operations.
Client 240 finished operations.
Client 95 completed 161566 operations.
Client 109 finished operations.
Client 96 completed 156572 operations.
Client 101 finished operations.
Client 97 completed 160514 operations.
Client 167 finished operations.
Client 98 completed 160503 operations.
Client 132 finished operations.
Client 99 completed 156612 operations.
Client 140 finished operations.
Client 100 completed 159472 operations.
Client 12 finished operations.
Client 101 completed 155610 operations.
Client 186 finished operations.
Client 102 completed 159501 operations.
Client 57 finished operations.
Client 103 completed 158546 operations.
Client 234 finished operations.
Client 104 completed 156459 operations.
Client 249 finished operations.
Client 170 finished operations.
Client 105 completed 160384 operations.
Client 106 completed 160398 operations.
Client 3 finished operations.
Client 107 completed 160598 operations.
Client 206 finished operations.
Client 108 completed 161518 operations.
Client 139 finished operations.
Client 109 completed 155564 operations.
Client 147 finished operations.
Client 110 completed 160516 operations.
Client 103 finished operations.
Client 111 completed 157566 operations.
Client 174 finished operations.
Client 112 completed 162522 operations.
Client 71 finished operations.
Client 113 completed 157598 operations.
Client 64 finished operations.
Client 114 completed 159594 operations.
Client 173 finished operations.
Client 115 completed 158564 operations.
Client 82 finished operations.
Client 182 finished operations.
Client 116 completed 162600 operations.
Client 117 completed 156572 operations.
Client 96 finished operations.
Client 118 completed 163614 operations.
Client 92 finished operations.
Client 119 completed 158557 operations.
Client 116 finished operations.
Client 120 completed 159495 operations.
Client 118 finished operations.
Client 121 completed 159444 operations.
Client 14 finished operations.
Client 122 completed 159492 operations.
Client 97 finished operations.
Client 123 completed 161552 operations.
Client 67 finished operations.
Client 124 completed 159587 operations.
Client 121 finished operations.
Client 125 completed 159455 operations.
Client 128 finished operations.
Client 126 completed 163418 operations.
Client 85 finished operations.
Client 127 completed 159665 operations.
Client 197 finished operations.
Client 128 completed 164597 operations.
Client 122 finished operations.
Client 129 completed 161541 operations.
Client 230 finished operations.
Client 130 completed 160491 operations.
Client 66 finished operations.
Client 5 finished operations.
Client 131 completed 158745 operations.
Client 132 completed 157519 operations.
Client 120 finished operations.
Client 133 completed 161415 operations.
Client 114 finished operations.
Client 134 completed 162378 operations.
Client 177 finished operations.
Client 135 completed 162465 operations.
Client 194 finished operations.
Client 136 completed 163557 operations.
Client 55 finished operations.
Client 137 completed 158542 operations.
Client 76 finished operations.
Client 138 completed 157633 operations.
Client 204 finished operations.
Client 139 completed 162471 operations.
Client 141 finished operations.
Client 140 completed 156524 operations.
Client 171 finished operations.
Client 141 completed 161586 operations.
Client 136 finished operations.
Client 142 completed 157584 operations.
Client 18 finished operations.
Client 143 completed 158507 operations.
Client 155 finished operations.
Client 144 completed 158639 operations.
Client 35 finished operations.
Client 145 completed 152715 operations.
Client 229 finished operations.
Client 146 completed 162516 operations.
Client 50 finished operations.
Client 147 completed 157544 operations.
Client 87 finished operations.
Client 28 finished operations.
Client 148 completed 162569 operations.
Client 149 completed 158462 operations.
Client 231 finished operations.
Client 150 completed 160601 operations.
Client 176 finished operations.
Client 151 completed 157500 operations.
Client 41 finished operations.
Client 152 completed 158553 operations.
Client 23 finished operations.
Client 153 completed 158597 operations.
Client 89 finished operations.
Client 154 completed 162448 operations.
Client 112 finished operations.
Client 155 completed 162562 operations.
Client 107 finished operations.
Client 156 completed 159550 operations.
Client 53 finished operations.
Client 157 completed 155568 operations.
Client 21 finished operations.
Client 158 completed 156560 operations.
Client 49 finished operations.
Client 159 completed 160482 operations.
Client 10 finished operations.
Client 160 completed 161439 operations.
Client 43 finished operations.
Client 161 completed 157565 operations.
Client 106 finished operations.
Client 162 completed 158514 operations.
Client 123 finished operations.
Client 163 completed 160522 operations.
Client 203 finished operations.
Client 164 completed 160612 operations.
Client 195 finished operations.
Client 165 completed 157582 operations.
Client 161 finished operations.
Client 166 completed 159635 operations.
Client 233 finished operations.
Client 167 completed 164446 operations.
Client 245 finished operations.
Client 168 completed 157714 operations.
Client 133 finished operations.
Client 169 completed 162559 operations.
Client 221 finished operations.
Client 170 completed 159533 operations.
Client 48 finished operations.
Client 171 completed 160548 operations.
Client 60 finished operations.
Client 172 completed 166575 operations.
Client 17 finished operations.
Client 173 completed 158594 operations.
Client 124 finished operations.
Client 174 completed 160443 operations.
Client 75 finished operations.
Client 175 completed 158498 operations.
Client 1 finished operations.
Client 176 completed 159581 operations.
Client 158 finished operations.
Client 177 completed 160477 operations.
Client 45 finished operations.
Client 178 completed 160706 operations.
Client 191 finished operations.
Client 179 completed 162589 operations.
Client 154 finished operations.
Client 180 completed 160479 operations.
Client 183 finished operations.
Client 181 completed 155556 operations.
Client 196 finished operations.
Client 182 completed 161607 operations.
Client 235 finished operations.
Client 183 completed 161502 operations.
Client 70 finished operations.
Client 184 completed 157545 operations.
Client 9 finished operations.
Client 185 completed 155657 operations.
Client 172 finished operations.
Client 186 completed 156517 operations.
Client 166 finished operations.
Client 187 completed 160492 operations.
Client 74 finished operations.
Client 188 completed 160360 operations.
Client 163 finished operations.
Client 189 completed 159498 operations.
Client 119 finished operations.
Client 190 completed 162556 operations.
Client 157 finished operations.
Client 191 completed 160486 operations.
Client 125 finished operations.
Client 192 completed 155629 operations.
Client 225 finished operations.
Client 193 completed 156584 operations.
Client 243 finished operations.
Client 194 completed 161520 operations.
Client 209 finished operations.
Client 195 completed 158581 operations.
Client 222 finished operations.
Client 196 completed 156586 operations.
Client 91 finished operations.
Client 197 completed 159685 operations.
Client 79 finished operations.
Client 198 completed 159560 operations.
Client 254 finished operations.
Client 199 completed 161650 operations.
Client 135 finished operations.
Client 200 completed 158454 operations.
Client 142 finished operations.
Client 201 completed 163405 operations.
Client 25 finished operations.
Client 202 completed 156519 operations.
Client 238 finished operations.
Client 203 completed 157630 operations.
Client 95 finished operations.
Client 204 completed 159427 operations.
Client 227 finished operations.
Client 205 completed 162517 operations.
Client 20 finished operations.
Client 206 completed 161335 operations.
Client 218 finished operations.
Client 207 completed 160592 operations.
Client 54 finished operations.
Client 208 completed 162432 operations.
Client 102 finished operations.
Client 209 completed 159438 operations.
Client 239 finished operations.
Client 210 completed 162470 operations.
Client 145 finished operations.
Client 211 completed 161564 operations.
Client 199 finished operations.
Client 212 completed 161499 operations.
Client 187 finished operations.
Client 146 finished operations.
Client 213 completed 158698 operations.
Client 214 completed 160513 operations.
Client 247 finished operations.
Client 215 completed 162581 operations.
Client 26 finished operations.
Client 216 completed 154523 operations.
Client 178 finished operations.
Client 217 completed 155479 operations.
Client 61 finished operations.
Client 218 completed 155602 operations.
Client 180 finished operations.
Client 219 completed 157545 operations.
Client 223 finished operations.
Client 220 completed 157658 operations.
Client 24 finished operations.
Client 221 completed 160519 operations.
Client 72 finished operations.
Client 222 completed 159597 operations.
Client 144 finished operations.
Client 223 completed 158520 operations.
Client 51 finished operations.
Client 224 completed 159547 operations.
Client 65 finished operations.
Client 225 completed 162546 operations.
Client 220 finished operations.
Client 226 completed 160526 operations.
Client 81 finished operations.
Client 227 completed 157578 operations.
Client 68 finished operations.
Client 228 completed 159471 operations.
Client 113 finished operations.
Client 6 finished operations.
Client 229 completed 165606 operations.
Client 230 completed 161582 operations.
Client 69 finished operations.
Client 231 completed 162628 operations.
Client 40 finished operations.
Client 232 completed 159631 operations.
Client 38 finished operations.
Client 233 completed 159576 operations.
Client 212 finished operations.
Client 234 completed 160548 operations.
Client 108 finished operations.
Client 235 completed 158417 operations.
Client 52 finished operations.
Client 236 completed 162539 operations.
Client 244 finished operations.
Client 237 completed 158409 operations.
Client 200 finished operations.
Client 238 completed 157406 operations.
Client 255 finished operations.
Client 239 completed 158333 operations.
Client 253 finished operations.
Client 240 completed 159573 operations.
Client 86 finished operations.
Client 241 completed 158428 operations.
Client 151 finished operations.
Client 242 completed 159652 operations.
Client 192 finished operations.
Client 243 completed 158299 operations.
Client 16 finished operations.
Client 244 completed 157518 operations.
Client 198 finished operations.
Client 245 completed 161480 operations.
Client 111 finished operations.
Client 246 completed 158640 operations.
Client 143 finished operations.
Client 247 completed 155611 operations.
Client 127 finished operations.
Client 248 completed 159503 operations.
Client 7 finished operations.
Client 249 completed 161539 operations.
Client 236 finished operations.
Client 250 completed 159555 operations.
Client 246 finished operations.
Client 251 completed 160409 operations.
Client 181 finished operations.
Client 252 completed 162538 operations.
Client 15 finished operations.
Client 253 completed 162506 operations.
Client 59 finished operations.
Client 254 completed 158533 operations.
Client 22 finished operations.
Client 255 completed 160564 operations.
throughput 1356749.75 ops/s
