hosts [node0:8080 node1:8080 node2:8080 node3:8080]
theta 0.99
workload YCSB-B
secs 30
Client 127 finished operations.
Client 0 completed 163477 operations.
Client 180 finished operations.
Client 1 completed 158527 operations.
Client 243 finished operations.
Client 2 completed 159597 operations.
Client 209 finished operations.
Client 3 completed 159679 operations.
Client 244 finished operations.
Client 4 completed 154586 operations.
Client 31 finished operations.
Client 5 completed 154573 operations.
Client 128 finished operations.
Client 6 completed 161533 operations.
Client 131 finished operations.
Client 7 completed 156543 operations.
Client 207 finished operations.
Client 8 completed 158595 operations.
Client 115 finished operations.
Client 9 completed 158503 operations.
Client 254 finished operations.
Client 10 completed 165653 operations.
Client 182 finished operations.
Client 11 completed 152656 operations.
Client 240 finished operations.
Client 12 completed 160574 operations.
Client 93 finished operations.
Client 13 completed 156515 operations.
Client 186 finished operations.
Client 14 completed 155473 operations.
Client 73 finished operations.
Client 15 completed 157715 operations.
Client 178 finished operations.
Client 16 completed 154576 operations.
Client 118 finished operations.
Client 17 completed 157545 operations.
Client 151 finished operations.
Client 18 completed 160631 operations.
Client 106 finished operations.
Client 19 completed 163518 operations.
Client 51 finished operations.
Client 20 completed 163512 operations.
Client 14 finished operations.
Client 61 finished operations.
Client 21 completed 157398 operations.
Client 22 completed 162501 operations.
Client 157 finished operations.
Client 23 completed 159609 operations.
Client 164 finished operations.
Client 24 completed 154500 operations.
Client 48 finished operations.
Client 25 completed 161586 operations.
Client 7 finished operations.
Client 26 completed 160500 operations.
Client 24 finished operations.
Client 27 completed 157470 operations.
Client 21 finished operations.
Client 28 completed 159475 operations.
Client 42 finished operations.
Client 29 completed 158573 operations.
Client 177 finished operations.
Client 30 completed 157631 operations.
Client 224 finished operations.
Client 31 completed 160640 operations.
Client 67 finished operations.
Client 32 completed 161516 operations.
Client 22 finished operations.
Client 33 completed 160420 operations.
Client 6 finished operations.
Client 34 completed 160542 operations.
Client 238 finished operations.
Client 35 completed 160529 operations.
Client 27 finished operations.
Client 36 completed 159510 operations.
Client 77 finished operations.
Client 37 completed 163539 operations.
Client 69 finished operations.
Client 38 completed 159535 operations.
Client 117 finished operations.
Client 39 completed 161521 operations.
Client 96 finished operations.
Client 40 completed 164566 operations.
Client 152 finished operations.
Client 41 completed 153477 operations.
Client 221 finished operations.
Client 42 completed 162504 operations.
Client 4 finished operations.
Client 43 completed 162659 operations.
Client 218 finished operations.
Client 44 completed 158665 operations.
Client 114 finished operations.
Client 45 completed 161316 operations.
Client 228 finished operations.
Client 46 completed 159539 operations.
Client 237 finished operations.
Client 47 completed 157638 operations.
Client 105 finished operations.
Client 48 completed 159530 operations.
Client 145 finished operations.
Client 49 completed 156387 operations.
Client 13 finished operations.
Client 50 completed 157721 operations.
Client 65 finished operations.
Client 51 completed 159596 operations.
Client 136 finished operations.
Client 52 completed 157626 operations.
Client 135 finished operations.
Client 53 completed 160556 operations.
Client 17 finished operations.
Client 54 completed 159431 operations.
Client 91 finished operations.
Client 55 completed 159554 operations.
Client 219 finished operations.
Client 56 completed 161508 operations.
Client 57 finished operations.
Client 57 completed 159621 operations.
Client 43 finished operations.
Client 58 completed 159419 operations.
Client 99 finished operations.
Client 59 completed 160501 operations.
Client 242 finished operations.
Client 60 completed 161437 operations.
Client 35 finished operations.
Client 61 completed 160476 operations.
Client 76 finished operations.
Client 62 completed 155548 operations.
Client 202 finished operations.
Client 63 completed 158687 operations.
Client 88 finished operations.
Client 64 completed 158549 operations.
Client 165 finished operations.
Client 65 completed 162458 operations.
Client 161 finished operations.
Client 66 completed 161542 operations.
Client 154 finished operations.
Client 67 completed 158639 operations.
Client 255 finished operations.
Client 68 completed 160543 operations.
Client 40 finished operations.
Client 69 completed 160493 operations.
Client 94 finished operations.
Client 70 completed 157520 operations.
Client 78 finished operations.
Client 71 completed 158513 operations.
Client 28 finished operations.
Client 72 completed 155610 operations.
Client 72 finished operations.
Client 73 completed 161432 operations.
Client 119 finished operations.
Client 74 completed 158497 operations.
Client 169 finished operations.
Client 75 completed 157559 operations.
Client 86 finished operations.
Client 76 completed 163562 operations.
Client 121 finished operations.
Client 77 completed 160572 operations.
Client 34 finished operations.
Client 78 completed 162544 operations.
Client 217 finished operations.
Client 79 completed 157786 operations.
Client 46 finished operations.
Client 80 completed 164484 operations.
Client 125 finished operations.
Client 81 completed 164713 operations.
Client 159 finished operations.
Client 82 completed 159622 operations.
Client 181 finished operations.
Client 83 completed 161492 operations.
Client 192 finished operations.
Client 84 completed 161534 operations.
Client 236 finished operations.
Client 85 completed 160476 operations.
Client 116 finished operations.
Client 86 completed 162597 operations.
Client 137 finished operations.
Client 87 completed 156600 operations.
Client 23 finished operations.
Client 88 completed 159529 operations.
Client 109 finished operations.
Client 89 completed 159576 operations.
Client 232 finished operations.
Client 90 completed 159644 operations.
Client 142 finished operations.
Client 91 completed 156579 operations.
Client 143 finished operations.
Client 92 completed 158565 operations.
Client 225 finished operations.
Client 93 completed 159534 operations.
Client 216 finished operations.
Client 94 completed 157547 operations.
Client 63 finished operations.
Client 95 completed 159527 operations.
Client 103 finished operations.
Client 96 completed 163577 operations.
Client 75 finished operations.
Client 97 completed 163505 operations.
Client 89 finished operations.
Client 98 completed 159534 operations.
Client 200 finished operations.
Client 99 completed 159600 operations.
Client 32 finished operations.
Client 100 completed 157495 operations.
Client 247 finished operations.
Client 101 completed 161514 operations.
Client 54 finished operations.
Client 102 completed 158552 operations.
Client 251 finished operations.
Client 103 completed 156443 operations.
Client 95 finished operations.
Client 104 completed 158655 operations.
Client 10 finished operations.
Client 105 completed 160521 operations.
Client 215 finished operations.
Client 106 completed 158565 operations.
Client 120 finished operations.
Client 107 completed 158430 operations.
Client 20 finished operations.
Client 108 completed 161500 operations.
Client 189 finished operations.
Client 109 completed 161372 operations.
Client 250 finished operations.
Client 110 completed 160543 operations.
Client 223 finished operations.
Client 111 completed 160555 operations.
Client 111 finished operations.
Client 112 completed 160516 operations.
Client 83 finished operations.
Client 113 completed 161532 operations.
Client 190 finished operations.
Client 114 completed 156441 operations.
Client 19 finished operations.
Client 115 completed 158535 operations.
Client 81 finished operations.
Client 116 completed 160602 operations.
Client 222 finished operations.
Client 174 finished operations.
Client 117 completed 162475 operations.
Client 118 completed 157762 operations.
Client 16 finished operations.
Client 119 completed 162576 operations.
Client 183 finished operations.
Client 120 completed 160515 operations.
Client 85 finished operations.
Client 121 completed 158483 operations.
Client 140 finished operations.
Client 122 completed 160582 operations.
Client 104 finished operations.
Client 123 completed 157618 operations.
Client 80 finished operations.
Client 124 completed 163484 operations.
Client 2 finished operations.
Client 126 finished operations.
Client 213 finished operations.
Client 211 finished operations.
Client 74 finished operations.
Client 195 finished operations.
Client 204 finished operations.
Client 60 finished operations.
Client 125 completed 163505 operations.
Client 126 completed 160556 operations.
Client 127 completed 161515 operations.
Client 128 completed 160496 operations.
Client 129 completed 159563 operations.
Client 130 completed 156513 operations.
Client 131 completed 160418 operations.
Client 132 completed 158693 operations.
Client 11 finished operations.
Client 133 completed 158637 operations.
Client 129 finished operations.
Client 134 completed 160522 operations.
Client 167 finished operations.
Client 135 completed 157579 operations.
Client 8 finished operations.
Client 136 completed 160562 operations.
Client 15 finished operations.
Client 137 completed 160527 operations.
Client 52 finished operations.
Client 138 completed 163595 operations.
Client 212 finished operations.
Client 139 completed 162351 operations.
Client 214 finished operations.
Client 140 completed 158666 operations.
Client 163 finished operations.
Client 141 completed 157668 operations.
Client 150 finished operations.
Client 142 completed 164501 operations.
Client 226 finished operations.
Client 143 completed 163414 operations.
Client 5 finished operations.
Client 144 completed 159573 operations.
Client 179 finished operations.
Client 145 completed 157500 operations.
Client 158 finished operations.
Client 146 completed 159559 operations.
Client 122 finished operations.
Client 147 completed 159527 operations.
Client 176 finished operations.
Client 148 completed 156589 operations.
Client 0 finished operations.
Client 149 completed 160599 operations.
Client 220 finished operations.
Client 150 completed 160577 operations.
Client 101 finished operations.
Client 151 completed 159511 operations.
Client 166 finished operations.
Client 152 completed 159615 operations.
Client 168 finished operations.
Client 153 completed 160539 operations.
Client 56 finished operations.
Client 154 completed 159543 operations.
Client 39 finished operations.
Client 155 completed 157500 operations.
Client 41 finished operations.
Client 156 completed 153574 operations.
Client 62 finished operations.
Client 157 completed 160533 operations.
Client 50 finished operations.
Client 158 completed 156657 operations.
Client 38 finished operations.
Client 159 completed 160542 operations.
Client 53 finished operations.
Client 160 completed 157544 operations.
Client 171 finished operations.
Client 161 completed 161633 operations.
Client 18 finished operations.
Client 162 completed 160598 operations.
Client 193 finished operations.
Client 163 completed 158462 operations.
Client 230 finished operations.
Client 164 completed 161587 operations.
Client 49 finished operations.
Client 165 completed 155576 operations.
Client 146 finished operations.
Client 166 completed 161405 operations.
Client 144 finished operations.
Client 167 completed 162562 operations.
Client 108 finished operations.
Client 168 completed 159588 operations.
Client 205 finished operations.
Client 169 completed 158364 operations.
Client 153 finished operations.
Client 170 completed 161473 operations.
Client 194 finished operations.
Client 171 completed 165535 operations.
Client 37 finished operations.
Client 172 completed 160506 operations.
Client 134 finished operations.
Client 173 completed 161552 operations.
Client 55 finished operations.
Client 210 finished operations.
Client 196 finished operations.
Client 174 completed 154741 operations.
Client 175 completed 158422 operations.
Client 176 completed 158464 operations.
Client 107 finished operations.
Client 177 completed 163567 operations.
Client 206 finished operations.
Client 178 completed 163690 operations.
Client 239 finished operations.
Client 179 completed 165569 operations.
Client 84 finished operations.
Client 180 completed 161527 operations.
Client 227 finished operations.
Client 181 completed 159490 operations.
Client 110 finished operations.
Client 182 completed 158511 operations.
Client 113 finished operations.
Client 183 completed 158491 operations.
Client 191 finished operations.
Client 184 completed 162496 operations.
Client 71 finished operations.
Client 185 completed 161483 operations.
Client 47 finished operations.
Client 186 completed 160561 operations.
Client 68 finished operations.
Client 187 completed 166405 operations.
Client 138 finished operations.
Client 188 completed 159494 operations.
Client 92 finished operations.
Client 189 completed 161626 operations.
Client 25 finished operations.
Client 190 completed 156510 operations.
Client 79 finished operations.
Client 191 completed 157475 operations.
Client 148 finished operations.
Client 192 completed 159645 operations.
Client 1 finished operations.
Client 193 completed 164450 operations.
Client 252 finished operations.
Client 194 completed 158525 operations.
Client 203 finished operations.
Client 195 completed 163539 operations.
Client 33 finished operations.
Client 196 completed 160531 operations.
Client 58 finished operations.
Client 197 completed 157583 operations.
Client 170 finished operations.
Client 198 completed 159489 operations.
Client 87 finished operations.
Client 199 completed 159640 operations.
Client 130 finished operations.
Client 200 completed 159478 operations.
Client 70 finished operations.
Client 201 completed 159426 operations.
Client 185 finished operations.
Client 202 completed 157510 operations.
Client 44 finished operations.
Client 203 completed 156411 operations.
Client 245 finished operations.
Client 204 completed 162488 operations.
Client 59 finished operations.
Client 205 completed 158561 operations.
Client 253 finished operations.
Client 206 completed 158442 operations.
Client 132 finished operations.
Client 207 completed 161573 operations.
Client 233 finished operations.
Client 208 completed 158619 operations.
Client 45 finished operations.
Client 209 completed 160582 operations.
Client 139 finished operations.
Client 210 completed 161628 operations.
Client 100 finished operations.
Client 211 completed 158633 operations.
Client 147 finished operations.
Client 212 completed 157558 operations.
Client 234 finished operations.
Client 156 finished operations.
Client 213 completed 160490 operations.
Client 214 completed 161632 operations.
Client 26 finished operations.
Client 215 completed 161606 operations.
Client 187 finished operations.
Client 216 completed 159444 operations.
Client 241 finished operations.
Client 217 completed 164437 operations.
Client 29 finished operations.
Client 218 completed 159540 operations.
Client 160 finished operations.
Client 219 completed 161416 operations.
Client 123 finished operations.
Client 220 completed 155459 operations.
Client 188 finished operations.
Client 221 completed 157589 operations.
Client 102 finished operations.
Client 222 completed 159558 operations.
Client 64 finished operations.
Client 223 completed 156622 operations.
Client 199 finished operations.
Client 224 completed 160535 operations.
Client 30 finished operations.
Client 225 completed 160638 operations.
Client 173 finished operations.
Client 226 completed 163437 operations.
Client 201 finished operations.
Client 227 completed 161522 operations.
Client 141 finished operations.
Client 228 completed 160547 operations.
Client 231 finished operations.
Client 229 completed 157566 operations.
Client 235 finished operations.
Client 230 completed 162433 operations.
Client 66 finished operations.
Client 231 completed 161436 operations.
Client 208 finished operations.
Client 232 completed 161366 operations.
Client 229 finished operations.
Client 233 completed 161464 operations.
Client 249 finished operations.
Client 198 finished operations.
Client 234 completed 162531 operations.
Client 235 completed 160467 operations.
Client 197 finished operations.
Client 236 completed 158579 operations.
Client 149 finished operations.
Client 237 completed 159611 operations.
Client 172 finished operations.
Client 238 completed 160528 operations.
Client 82 finished operations.
Client 239 completed 159608 operations.
Client 162 finished operations.
Client 240 completed 159608 operations.
Client 246 finished operations.
Client 241 completed 160597 operations.
Client 248 finished operations.
Client 242 completed 160509 operations.
Client 36 finished operations.
Client 243 completed 158565 operations.
Client 12 finished operations.
Client 244 completed 157455 operations.
Client 155 finished operations.
Client 245 completed 160575 operations.
Client 90 finished operations.
Client 246 completed 157539 operations.
Client 184 finished operations.
Client 247 completed 159557 operations.
Client 124 finished operations.
Client 248 completed 159457 operations.
Client 3 finished operations.
Client 249 completed 160529 operations.
Client 97 finished operations.
Client 250 completed 158515 operations.
Client 133 finished operations.
Client 251 completed 162503 operations.
Client 112 finished operations.
Client 252 completed 158410 operations.
Client 175 finished operations.
Client 253 completed 162650 operations.
Client 9 finished operations.
Client 254 completed 155556 operations.
Client 98 finished operations.
Client 255 completed 159538 operations.
throughput 1360629.62 ops/s
