hosts [node0:8080 node1:8080 node2:8080 node3:8080]
theta 0.99
workload YCSB-B
secs 30
Client 237 finished operations.
Client 0 completed 157448 operations.
Client 183 finished operations.
Client 1 completed 158439 operations.
Client 239 finished operations.
Client 2 completed 156646 operations.
Client 180 finished operations.
Client 3 completed 157556 operations.
Client 80 finished operations.
Client 4 completed 158641 operations.
Client 139 finished operations.
Client 5 completed 162619 operations.
Client 90 finished operations.
Client 6 completed 159686 operations.
Client 218 finished operations.
Client 7 completed 158575 operations.
Client 95 finished operations.
Client 8 completed 156675 operations.
Client 21 finished operations.
Client 9 completed 156581 operations.
Client 143 finished operations.
Client 10 completed 163575 operations.
Client 77 finished operations.
Client 11 completed 161489 operations.
Client 205 finished operations.
Client 12 completed 158462 operations.
Client 34 finished operations.
Client 214 finished operations.
Client 13 completed 162610 operations.
Client 14 completed 160503 operations.
Client 157 finished operations.
Client 15 completed 155527 operations.
Client 88 finished operations.
Client 16 completed 159548 operations.
Client 255 finished operations.
Client 17 completed 159479 operations.
Client 158 finished operations.
Client 18 completed 157548 operations.
Client 169 finished operations.
Client 19 completed 156653 operations.
Client 166 finished operations.
Client 20 completed 159580 operations.
Client 20 finished operations.
Client 21 completed 159566 operations.
Client 7 finished operations.
Client 22 completed 156474 operations.
Client 100 finished operations.
Client 23 completed 159590 operations.
Client 175 finished operations.
Client 24 completed 159559 operations.
Client 243 finished operations.
Client 25 completed 159579 operations.
Client 210 finished operations.
Client 26 completed 157553 operations.
Client 104 finished operations.
Client 27 completed 159543 operations.
Client 228 finished operations.
Client 244 finished operations.
Client 28 completed 157695 operations.
Client 29 completed 157579 operations.
Client 134 finished operations.
Client 30 completed 157654 operations.
Client 233 finished operations.
Client 31 completed 158534 operations.
Client 3 finished operations.
Client 32 completed 161514 operations.
Client 86 finished operations.
Client 33 completed 156504 operations.
Client 44 finished operations.
Client 34 completed 158646 operations.
Client 178 finished operations.
Client 35 completed 153659 operations.
Client 1 finished operations.
Client 36 completed 161646 operations.
Client 4 finished operations.
Client 37 completed 159448 operations.
Client 14 finished operations.
Client 38 completed 158493 operations.
Client 40 finished operations.
Client 39 completed 159542 operations.
Client 156 finished operations.
Client 40 completed 157548 operations.
Client 41 finished operations.
Client 41 completed 161563 operations.
Client 103 finished operations.
Client 42 completed 159535 operations.
Client 106 finished operations.
Client 43 completed 161611 operations.
Client 126 finished operations.
Client 44 completed 156704 operations.
Client 179 finished operations.
Client 45 completed 157510 operations.
Client 245 finished operations.
Client 46 completed 157575 operations.
Client 234 finished operations.
Client 47 completed 160637 operations.
Client 140 finished operations.
Client 48 completed 161567 operations.
Client 38 finished operations.
Client 49 completed 157453 operations.
Client 215 finished operations.
Client 50 completed 158584 operations.
Client 223 finished operations.
Client 51 completed 161613 operations.
Client 206 finished operations.
Client 52 completed 161399 operations.
Client 225 finished operations.
Client 53 completed 160421 operations.
Client 138 finished operations.
Client 54 completed 156542 operations.
Client 125 finished operations.
Client 55 completed 158565 operations.
Client 109 finished operations.
Client 56 completed 156642 operations.
Client 96 finished operations.
Client 57 completed 159544 operations.
Client 152 finished operations.
Client 58 completed 159441 operations.
Client 132 finished operations.
Client 59 completed 159425 operations.
Client 165 finished operations.
Client 60 completed 156674 operations.
Client 45 finished operations.
Client 61 completed 159462 operations.
Client 212 finished operations.
Client 62 completed 153593 operations.
Client 193 finished operations.
Client 63 completed 155616 operations.
Client 15 finished operations.
Client 64 completed 158572 operations.
Client 67 finished operations.
Client 65 completed 156692 operations.
Client 131 finished operations.
Client 66 completed 157594 operations.
Client 130 finished operations.
Client 67 completed 164478 operations.
Client 149 finished operations.
Client 68 completed 158602 operations.
Client 73 finished operations.
Client 69 completed 156642 operations.
Client 118 finished operations.
Client 70 completed 159556 operations.
Client 173 finished operations.
Client 71 completed 154595 operations.
Client 23 finished operations.
Client 72 completed 163434 operations.
Client 43 finished operations.
Client 73 completed 161471 operations.
Client 141 finished operations.
Client 74 completed 155476 operations.
Client 247 finished operations.
Client 75 completed 161629 operations.
Client 92 finished operations.
Client 76 completed 161513 operations.
Client 252 finished operations.
Client 77 completed 155604 operations.
Client 116 finished operations.
Client 78 completed 158654 operations.
Client 52 finished operations.
Client 79 completed 157532 operations.
Client 238 finished operations.
Client 80 completed 158640 operations.
Client 71 finished operations.
Client 81 completed 157561 operations.
Client 76 finished operations.
Client 82 completed 155444 operations.
Client 48 finished operations.
Client 83 completed 159387 operations.
Client 168 finished operations.
Client 84 completed 158631 operations.
Client 0 finished operations.
Client 85 completed 159589 operations.
Client 151 finished operations.
Client 86 completed 158623 operations.
Client 8 finished operations.
Client 87 completed 157470 operations.
Client 112 finished operations.
Client 88 completed 158583 operations.
Client 30 finished operations.
Client 89 completed 160533 operations.
Client 19 finished operations.
Client 90 completed 159497 operations.
Client 231 finished operations.
Client 91 completed 160661 operations.
Client 28 finished operations.
Client 92 completed 157501 operations.
Client 177 finished operations.
Client 93 completed 161465 operations.
Client 105 finished operations.
Client 94 completed 159381 operations.
Client 97 finished operations.
Client 95 completed 164495 operations.
Client 162 finished operations.
Client 96 completed 155592 operations.
Client 39 finished operations.
Client 97 completed 159488 operations.
Client 79 finished operations.
Client 98 completed 154552 operations.
Client 172 finished operations.
Client 99 completed 161390 operations.
Client 121 finished operations.
Client 100 completed 155479 operations.
Client 113 finished operations.
Client 101 completed 161524 operations.
Client 58 finished operations.
Client 102 completed 158454 operations.
Client 190 finished operations.
Client 103 completed 156521 operations.
Client 160 finished operations.
Client 104 completed 158452 operations.
Client 120 finished operations.
Client 105 completed 160501 operations.
Client 127 finished operations.
Client 106 completed 161542 operations.
Client 108 finished operations.
Client 107 completed 156635 operations.
Client 186 finished operations.
Client 108 completed 159725 operations.
Client 208 finished operations.
Client 109 completed 157596 operations.
Client 167 finished operations.
Client 110 completed 159565 operations.
Client 137 finished operations.
Client 111 completed 155572 operations.
Client 147 finished operations.
Client 112 completed 157446 operations.
Client 12 finished operations.
Client 113 completed 158504 operations.
Client 220 finished operations.
Client 114 completed 157599 operations.
Client 230 finished operations.
Client 115 completed 156587 operations.
Client 83 finished operations.
Client 116 completed 160411 operations.
Client 54 finished operations.
Client 117 completed 154561 operations.
Client 74 finished operations.
Client 118 completed 160611 operations.
Client 249 finished operations.
Client 119 completed 157480 operations.
Client 187 finished operations.
Client 120 completed 157595 operations.
Client 133 finished operations.
Client 121 completed 158553 operations.
Client 98 finished operations.
Client 122 completed 158486 operations.
Client 240 finished operations.
Client 123 completed 159415 operations.
Client 9 finished operations.
Client 124 completed 157608 operations.
Client 62 finished operations.
Client 125 completed 158689 operations.
Client 122 finished operations.
Client 126 completed 159506 operations.
Client 248 finished operations.
Client 127 completed 164606 operations.
Client 32 finished operations.
Client 128 completed 158600 operations.
Client 111 finished operations.
Client 129 completed 162524 operations.
Client 129 finished operations.
Client 130 completed 164648 operations.
Client 91 finished operations.
Client 131 completed 162604 operations.
Client 202 finished operations.
Client 132 completed 157443 operations.
Client 99 finished operations.
Client 133 completed 157542 operations.
Client 65 finished operations.
Client 134 completed 156504 operations.
Client 2 finished operations.
Client 135 completed 163460 operations.
Client 229 finished operations.
Client 136 completed 154541 operations.
Client 24 finished operations.
Client 137 completed 158556 operations.
Client 181 finished operations.
Client 138 completed 156557 operations.
Client 203 finished operations.
Client 139 completed 166545 operations.
Client 78 finished operations.
Client 140 completed 159624 operations.
Client 119 finished operations.
Client 141 completed 161537 operations.
Client 81 finished operations.
Client 142 completed 161535 operations.
Client 60 finished operations.
Client 143 completed 160488 operations.
Client 128 finished operations.
Client 144 completed 158480 operations.
Client 61 finished operations.
Client 145 completed 157560 operations.
Client 213 finished operations.
Client 146 completed 160491 operations.
Client 56 finished operations.
Client 89 finished operations.
Client 147 completed 158611 operations.
Client 148 completed 157526 operations.
Client 254 finished operations.
Client 149 completed 158551 operations.
Client 110 finished operations.
Client 150 completed 154563 operations.
Client 31 finished operations.
Client 151 completed 159501 operations.
Client 16 finished operations.
Client 152 completed 160594 operations.
Client 69 finished operations.
Client 153 completed 159488 operations.
Client 246 finished operations.
Client 154 completed 156533 operations.
Client 75 finished operations.
Client 155 completed 151498 operations.
Client 226 finished operations.
Client 156 completed 154585 operations.
Client 37 finished operations.
Client 157 completed 160589 operations.
Client 192 finished operations.
Client 158 completed 157606 operations.
Client 72 finished operations.
Client 159 completed 158554 operations.
Client 153 finished operations.
Client 160 completed 157747 operations.
Client 253 finished operations.
Client 161 completed 159539 operations.
Client 29 finished operations.
Client 162 completed 153626 operations.
Client 102 finished operations.
Client 163 completed 161590 operations.
Client 55 finished operations.
Client 164 completed 159585 operations.
Client 185 finished operations.
Client 165 completed 159566 operations.
Client 182 finished operations.
Client 166 completed 159516 operations.
Client 84 finished operations.
Client 167 completed 160457 operations.
Client 148 finished operations.
Client 168 completed 156542 operations.
Client 161 finished operations.
Client 169 completed 153603 operations.
Client 195 finished operations.
Client 170 completed 159519 operations.
Client 217 finished operations.
Client 171 completed 157572 operations.
Client 114 finished operations.
Client 172 completed 160555 operations.
Client 33 finished operations.
Client 173 completed 157508 operations.
Client 135 finished operations.
Client 174 completed 158591 operations.
Client 224 finished operations.
Client 175 completed 160508 operations.
Client 144 finished operations.
Client 176 completed 161526 operations.
Client 163 finished operations.
Client 177 completed 161480 operations.
Client 155 finished operations.
Client 178 completed 160564 operations.
Client 94 finished operations.
Client 179 completed 156625 operations.
Client 47 finished operations.
Client 180 completed 160536 operations.
Client 93 finished operations.
Client 181 completed 158570 operations.
Client 27 finished operations.
Client 182 completed 156581 operations.
Client 191 finished operations.
Client 183 completed 155669 operations.
Client 198 finished operations.
Client 184 completed 160627 operations.
Client 51 finished operations.
Client 185 completed 158519 operations.
Client 188 finished operations.
Client 186 completed 159538 operations.
Client 242 finished operations.
Client 187 completed 158622 operations.
Client 196 finished operations.
Client 188 completed 162541 operations.
Client 42 finished operations.
Client 189 completed 159591 operations.
Client 216 finished operations.
Client 190 completed 161483 operations.
Client 171 finished operations.
Client 191 completed 158637 operations.
Client 201 finished operations.
Client 192 completed 156499 operations.
Client 164 finished operations.
Client 193 completed 155456 operations.
Client 197 finished operations.
Client 194 completed 161584 operations.
Client 200 finished operations.
Client 195 completed 159540 operations.
Client 13 finished operations.
Client 196 completed 158549 operations.
Client 35 finished operations.
Client 197 completed 160543 operations.
Client 146 finished operations.
Client 198 completed 158373 operations.
Client 26 finished operations.
Client 199 completed 161507 operations.
Client 209 finished operations.
Client 200 completed 156564 operations.
Client 18 finished operations.
Client 201 completed 158482 operations.
Client 150 finished operations.
Client 202 completed 157528 operations.
Client 22 finished operations.
Client 203 completed 164469 operations.
Client 85 finished operations.
Client 204 completed 160534 operations.
Client 70 finished operations.
Client 205 completed 157606 operations.
Client 115 finished operations.
Client 206 completed 162594 operations.
Client 159 finished operations.
Client 207 completed 160473 operations.
Client 36 finished operations.
Client 208 completed 162590 operations.
Client 46 finished operations.
Client 209 completed 161638 operations.
Client 87 finished operations.
Client 210 completed 165459 operations.
Client 211 finished operations.
Client 211 completed 157652 operations.
Client 10 finished operations.
Client 212 completed 162638 operations.
Client 142 finished operations.
Client 213 completed 157550 operations.
Client 136 finished operations.
Client 214 completed 162521 operations.
Client 59 finished operations.
Client 215 completed 158627 operations.
Client 176 finished operations.
Client 216 completed 157554 operations.
Client 66 finished operations.
Client 217 completed 159651 operations.
Client 222 finished operations.
Client 218 completed 155561 operations.
Client 5 finished operations.
Client 219 completed 155496 operations.
Client 207 finished operations.
Client 220 completed 160569 operations.
Client 64 finished operations.
Client 221 completed 164472 operations.
Client 117 finished operations.
Client 222 completed 156508 operations.
Client 251 finished operations.
Client 223 completed 158480 operations.
Client 11 finished operations.
Client 224 completed 163371 operations.
Client 49 finished operations.
Client 225 completed 154575 operations.
Client 194 finished operations.
Client 145 finished operations.
Client 226 completed 155574 operations.
Client 227 completed 156613 operations.
Client 236 finished operations.
Client 228 completed 155557 operations.
Client 50 finished operations.
Client 229 completed 160653 operations.
Client 53 finished operations.
Client 230 completed 165551 operations.
Client 199 finished operations.
Client 231 completed 152747 operations.
Client 25 finished operations.
Client 232 completed 159541 operations.
Client 101 finished operations.
Client 233 completed 159571 operations.
Client 82 finished operations.
Client 234 completed 158605 operations.
Client 107 finished operations.
Client 235 completed 160523 operations.
Client 57 finished operations.
Client 236 completed 160489 operations.
Client 232 finished operations.
Client 237 completed 158584 operations.
Client 221 finished operations.
Client 238 completed 162586 operations.
Client 154 finished operations.
Client 239 completed 159523 operations.
Client 235 finished operations.
Client 240 completed 157619 operations.
Client 189 finished operations.
Client 241 completed 159437 operations.
Client 68 finished operations.
Client 242 completed 159589 operations.
Client 170 finished operations.
Client 243 completed 162625 operations.
Client 184 finished operations.
Client 244 completed 161521 operations.
Client 250 finished operations.
Client 245 completed 160473 operations.
Client 204 finished operations.
Client 246 completed 156705 operations.
Client 17 finished operations.
Client 247 completed 160616 operations.
Client 219 finished operations.
Client 248 completed 157429 operations.
Client 63 finished operations.
Client 249 completed 156445 operations.
Client 6 finished operations.
Client 250 completed 161560 operations.
Client 123 finished operations.
Client 251 completed 157515 operations.
Client 174 finished operations.
Client 252 completed 157506 operations.
Client 124 finished operations.
Client 253 completed 161662 operations.
Client 241 finished operations.
Client 254 completed 161578 operations.
Client 227 finished operations.
Client 255 completed 157550 operations.
throughput 1351504.90 ops/s
