hosts [node0:8080 node1:8080 node2:8080 node3:8080]
theta 0.99
workload YCSB-B
secs 30
Client 250 finished operations.
Client 0 completed 159510 operations.
Client 193 finished operations.
Client 1 completed 159588 operations.
Client 233 finished operations.
Client 2 completed 157559 operations.
Client 251 finished operations.
Client 3 completed 160526 operations.
Client 141 finished operations.
Client 4 completed 161587 operations.
Client 84 finished operations.
Client 169 finished operations.
Client 5 completed 157590 operations.
Client 6 completed 160550 operations.
Client 113 finished operations.
Client 7 completed 162412 operations.
Client 105 finished operations.
Client 8 completed 157626 operations.
Client 3 finished operations.
Client 9 completed 161584 operations.
Client 222 finished operations.
Client 10 completed 156490 operations.
Client 34 finished operations.
Client 11 completed 163573 operations.
Client 107 finished operations.
Client 12 completed 160479 operations.
Client 72 finished operations.
Client 13 completed 163493 operations.
Client 25 finished operations.
Client 14 completed 162623 operations.
Client 81 finished operations.
Client 15 completed 164563 operations.
Client 123 finished operations.
Client 16 completed 158540 operations.
Client 63 finished operations.
Client 17 completed 158570 operations.
Client 211 finished operations.
Client 18 completed 160547 operations.
Client 53 finished operations.
Client 19 completed 156630 operations.
Client 70 finished operations.
Client 20 completed 165524 operations.
Client 179 finished operations.
Client 21 completed 158476 operations.
Client 118 finished operations.
Client 22 completed 154476 operations.
Client 210 finished operations.
Client 23 completed 159545 operations.
Client 68 finished operations.
Client 24 completed 157625 operations.
Client 49 finished operations.
Client 25 completed 162554 operations.
Client 102 finished operations.
Client 26 completed 157531 operations.
Client 22 finished operations.
Client 27 completed 164450 operations.
Client 180 finished operations.
Client 28 completed 161435 operations.
Client 156 finished operations.
Client 29 completed 160474 operations.
Client 162 finished operations.
Client 30 completed 160484 operations.
Client 254 finished operations.
Client 31 completed 157565 operations.
Client 248 finished operations.
Client 32 completed 159453 operations.
Client 124 finished operations.
Client 33 completed 163543 operations.
Client 10 finished operations.
Client 34 completed 159575 operations.
Client 93 finished operations.
Client 35 completed 154474 operations.
Client 36 finished operations.
Client 36 completed 160608 operations.
Client 116 finished operations.
Client 37 completed 159593 operations.
Client 130 finished operations.
Client 38 completed 156576 operations.
Client 86 finished operations.
Client 39 completed 161557 operations.
Client 92 finished operations.
Client 40 completed 158557 operations.
Client 243 finished operations.
Client 41 completed 160496 operations.
Client 94 finished operations.
Client 42 completed 154505 operations.
Client 229 finished operations.
Client 43 completed 158674 operations.
Client 147 finished operations.
Client 44 completed 157635 operations.
Client 29 finished operations.
Client 45 completed 158634 operations.
Client 170 finished operations.
Client 46 completed 157472 operations.
Client 194 finished operations.
Client 47 completed 161514 operations.
Client 40 finished operations.
Client 48 completed 159470 operations.
Client 32 finished operations.
Client 49 completed 156521 operations.
Client 1 finished operations.
Client 50 completed 154360 operations.
Client 171 finished operations.
Client 51 completed 157736 operations.
Client 83 finished operations.
Client 52 completed 156646 operations.
Client 120 finished operations.
Client 53 completed 159388 operations.
Client 239 finished operations.
Client 54 completed 160545 operations.
Client 0 finished operations.
Client 55 completed 165462 operations.
Client 190 finished operations.
Client 56 completed 156549 operations.
Client 204 finished operations.
Client 57 completed 157436 operations.
Client 172 finished operations.
Client 58 completed 158519 operations.
Client 158 finished operations.
Client 59 completed 159589 operations.
Client 112 finished operations.
Client 60 completed 162540 operations.
Client 139 finished operations.
Client 61 completed 162517 operations.
Client 75 finished operations.
Client 62 completed 155580 operations.
Client 135 finished operations.
Client 63 completed 156561 operations.
Client 214 finished operations.
Client 64 completed 160654 operations.
Client 149 finished operations.
Client 65 completed 163465 operations.
Client 103 finished operations.
Client 66 completed 159562 operations.
Client 245 finished operations.
Client 67 completed 159458 operations.
Client 121 finished operations.
Client 68 completed 160643 operations.
Client 27 finished operations.
Client 69 completed 160559 operations.
Client 77 finished operations.
Client 70 completed 161474 operations.
Client 39 finished operations.
Client 71 completed 162667 operations.
Client 198 finished operations.
Client 72 completed 153346 operations.
Client 202 finished operations.
Client 73 completed 156528 operations.
Client 230 finished operations.
Client 74 completed 160466 operations.
Client 74 finished operations.
Client 75 completed 158698 operations.
Client 43 finished operations.
Client 59 finished operations.
Client 76 completed 159547 operations.
Client 77 completed 161523 operations.
Client 87 finished operations.
Client 78 completed 161595 operations.
Client 247 finished operations.
Client 79 completed 162485 operations.
Client 191 finished operations.
Client 80 completed 157513 operations.
Client 151 finished operations.
Client 81 completed 160489 operations.
Client 7 finished operations.
Client 82 completed 160592 operations.
Client 119 finished operations.
Client 83 completed 162513 operations.
Client 28 finished operations.
Client 84 completed 158539 operations.
Client 154 finished operations.
Client 85 completed 161376 operations.
Client 232 finished operations.
Client 86 completed 155647 operations.
Client 41 finished operations.
Client 87 completed 157672 operations.
Client 160 finished operations.
Client 88 completed 157415 operations.
Client 80 finished operations.
Client 89 completed 161562 operations.
Client 42 finished operations.
Client 90 completed 162554 operations.
Client 45 finished operations.
Client 91 completed 156467 operations.
Client 96 finished operations.
Client 92 completed 158637 operations.
Client 66 finished operations.
Client 93 completed 155491 operations.
Client 235 finished operations.
Client 94 completed 157606 operations.
Client 125 finished operations.
Client 95 completed 158555 operations.
Client 14 finished operations.
Client 96 completed 160351 operations.
Client 228 finished operations.
Client 97 completed 159624 operations.
Client 99 finished operations.
Client 98 completed 161702 operations.
Client 58 finished operations.
Client 99 completed 160572 operations.
Client 216 finished operations.
Client 100 completed 158501 operations.
Client 50 finished operations.
Client 101 completed 164486 operations.
Client 168 finished operations.
Client 102 completed 158616 operations.
Client 145 finished operations.
Client 103 completed 156615 operations.
Client 104 finished operations.
Client 104 completed 162551 operations.
Client 159 finished operations.
Client 105 completed 163360 operations.
Client 217 finished operations.
Client 106 completed 160623 operations.
Client 33 finished operations.
Client 107 completed 157443 operations.
Client 37 finished operations.
Client 108 completed 158577 operations.
Client 85 finished operations.
Client 109 completed 159644 operations.
Client 227 finished operations.
Client 110 completed 161443 operations.
Client 61 finished operations.
Client 111 completed 157536 operations.
Client 189 finished operations.
Client 112 completed 159570 operations.
Client 220 finished operations.
Client 113 completed 160588 operations.
Client 78 finished operations.
Client 114 completed 160573 operations.
Client 16 finished operations.
Client 115 completed 159467 operations.
Client 157 finished operations.
Client 116 completed 159503 operations.
Client 48 finished operations.
Client 117 completed 161590 operations.
Client 108 finished operations.
Client 118 completed 157474 operations.
Client 114 finished operations.
Client 119 completed 156536 operations.
Client 148 finished operations.
Client 120 completed 163580 operations.
Client 234 finished operations.
Client 121 completed 164530 operations.
Client 35 finished operations.
Client 122 completed 160588 operations.
Client 129 finished operations.
Client 123 completed 162599 operations.
Client 188 finished operations.
Client 124 completed 159540 operations.
Client 71 finished operations.
Client 125 completed 163499 operations.
Client 46 finished operations.
Client 126 completed 163454 operations.
Client 5 finished operations.
Client 127 completed 159600 operations.
Client 38 finished operations.
Client 128 completed 158507 operations.
Client 26 finished operations.
Client 129 completed 155566 operations.
Client 91 finished operations.
Client 130 completed 159492 operations.
Client 56 finished operations.
Client 131 completed 160562 operations.
Client 24 finished operations.
Client 132 completed 157518 operations.
Client 115 finished operations.
Client 133 completed 157527 operations.
Client 224 finished operations.
Client 134 completed 156572 operations.
Client 218 finished operations.
Client 135 completed 157514 operations.
Client 242 finished operations.
Client 136 completed 160668 operations.
Client 196 finished operations.
Client 137 completed 156666 operations.
Client 208 finished operations.
Client 138 completed 157681 operations.
Client 69 finished operations.
Client 139 completed 158553 operations.
Client 57 finished operations.
Client 140 completed 162439 operations.
Client 199 finished operations.
Client 144 finished operations.
Client 141 completed 160552 operations.
Client 142 completed 159581 operations.
Client 197 finished operations.
Client 143 completed 160485 operations.
Client 231 finished operations.
Client 144 completed 159487 operations.
Client 62 finished operations.
Client 145 completed 158569 operations.
Client 177 finished operations.
Client 146 completed 160478 operations.
Client 192 finished operations.
Client 147 completed 161562 operations.
Client 110 finished operations.
Client 148 completed 160541 operations.
Client 186 finished operations.
Client 149 completed 156461 operations.
Client 236 finished operations.
Client 150 completed 163378 operations.
Client 246 finished operations.
Client 151 completed 156463 operations.
Client 164 finished operations.
Client 152 completed 160485 operations.
Client 106 finished operations.
Client 153 completed 161535 operations.
Client 65 finished operations.
Client 154 completed 164425 operations.
Client 200 finished operations.
Client 155 completed 160578 operations.
Client 142 finished operations.
Client 156 completed 160350 operations.
Client 187 finished operations.
Client 157 completed 157652 operations.
Client 205 finished operations.
Client 158 completed 163499 operations.
Client 127 finished operations.
Client 159 completed 157546 operations.
Client 244 finished operations.
Client 160 completed 159546 operations.
Client 167 finished operations.
Client 161 completed 161543 operations.
Client 137 finished operations.
Client 162 completed 162482 operations.
Client 201 finished operations.
Client 163 completed 158597 operations.
Client 226 finished operations.
Client 164 completed 162634 operations.
Client 11 finished operations.
Client 165 completed 161514 operations.
Client 76 finished operations.
Client 166 completed 164404 operations.
Client 223 finished operations.
Client 237 finished operations.
Client 167 completed 162514 operations.
Client 168 completed 162591 operations.
Client 8 finished operations.
Client 169 completed 158455 operations.
Client 79 finished operations.
Client 170 completed 158515 operations.
Client 2 finished operations.
Client 171 completed 160558 operations.
Client 21 finished operations.
Client 172 completed 155685 operations.
Client 126 finished operations.
Client 173 completed 157537 operations.
Client 30 finished operations.
Client 174 completed 156533 operations.
Client 181 finished operations.
Client 175 completed 154500 operations.
Client 97 finished operations.
Client 176 completed 162676 operations.
Client 219 finished operations.
Client 177 completed 160547 operations.
Client 73 finished operations.
Client 178 completed 157535 operations.
Client 184 finished operations.
Client 179 completed 158614 operations.
Client 195 finished operations.
Client 180 completed 152625 operations.
Client 165 finished operations.
Client 181 completed 161561 operations.
Client 19 finished operations.
Client 182 completed 159466 operations.
Client 161 finished operations.
Client 183 completed 159462 operations.
Client 249 finished operations.
Client 184 completed 161589 operations.
Client 12 finished operations.
Client 185 completed 160482 operations.
Client 213 finished operations.
Client 186 completed 162482 operations.
Client 6 finished operations.
Client 187 completed 157492 operations.
Client 89 finished operations.
Client 188 completed 160434 operations.
Client 183 finished operations.
Client 189 completed 161592 operations.
Client 155 finished operations.
Client 190 completed 158531 operations.
Client 44 finished operations.
Client 191 completed 156471 operations.
Client 15 finished operations.
Client 192 completed 160532 operations.
Client 182 finished operations.
Client 193 completed 160399 operations.
Client 136 finished operations.
Client 194 completed 162662 operations.
Client 215 finished operations.
Client 195 completed 160538 operations.
Client 64 finished operations.
Client 196 completed 157681 operations.
Client 178 finished operations.
Client 197 completed 163429 operations.
Client 221 finished operations.
Client 198 completed 159505 operations.
Client 88 finished operations.
Client 199 completed 161565 operations.
Client 176 finished operations.
Client 200 completed 166356 operations.
Client 51 finished operations.
Client 201 completed 164654 operations.
Client 173 finished operations.
Client 202 completed 157605 operations.
Client 209 finished operations.
Client 203 completed 158534 operations.
Client 255 finished operations.
Client 204 completed 156638 operations.
Client 54 finished operations.
Client 205 completed 159438 operations.
Client 67 finished operations.
Client 206 completed 160518 operations.
Client 60 finished operations.
Client 207 completed 158438 operations.
Client 133 finished operations.
Client 208 completed 166426 operations.
Client 82 finished operations.
Client 209 completed 162500 operations.
Client 212 finished operations.
Client 210 completed 160476 operations.
Client 206 finished operations.
Client 211 completed 157433 operations.
Client 207 finished operations.
Client 212 completed 160529 operations.
Client 17 finished operations.
Client 213 completed 162472 operations.
Client 117 finished operations.
Client 214 completed 163338 operations.
Client 203 finished operations.
Client 215 completed 160538 operations.
Client 47 finished operations.
Client 216 completed 161660 operations.
Client 111 finished operations.
Client 217 completed 160521 operations.
Client 174 finished operations.
Client 218 completed 160498 operations.
Client 18 finished operations.
Client 219 completed 158489 operations.
Client 23 finished operations.
Client 220 completed 160526 operations.
Client 134 finished operations.
Client 221 completed 165573 operations.
Client 98 finished operations.
Client 222 completed 161477 operations.
Client 253 finished operations.
Client 223 completed 164388 operations.
Client 131 finished operations.
Client 224 completed 157669 operations.
Client 152 finished operations.
Client 225 completed 159721 operations.
Client 13 finished operations.
Client 226 completed 160562 operations.
Client 9 finished operations.
Client 227 completed 162518 operations.
Client 143 finished operations.
Client 228 completed 158443 operations.
Client 185 finished operations.
Client 229 completed 160549 operations.
Client 122 finished operations.
Client 230 completed 160512 operations.
Client 4 finished operations.
Client 231 completed 161406 operations.
Client 241 finished operations.
Client 132 finished operations.
Client 232 completed 157445 operations.
Client 233 completed 162542 operations.
Client 138 finished operations.
Client 234 completed 157585 operations.
Client 252 finished operations.
Client 235 completed 160520 operations.
Client 128 finished operations.
Client 236 completed 158458 operations.
Client 100 finished operations.
Client 237 completed 159457 operations.
Client 150 finished operations.
Client 238 completed 159500 operations.
Client 225 finished operations.
Client 239 completed 159499 operations.
Client 163 finished operations.
Client 240 completed 160553 operations.
Client 90 finished operations.
Client 241 completed 158522 operations.
Client 55 finished operations.
Client 242 completed 157472 operations.
Client 240 finished operations.
Client 243 completed 162393 operations.
Client 31 finished operations.
Client 244 completed 163612 operations.
Client 52 finished operations.
Client 245 completed 156637 operations.
Client 153 finished operations.
Client 246 completed 164509 operations.
Client 238 finished operations.
Client 247 completed 162456 operations.
Client 146 finished operations.
Client 248 completed 161567 operations.
Client 166 finished operations.
Client 249 completed 158453 operations.
Client 95 finished operations.
Client 250 completed 159435 operations.
Client 140 finished operations.
Client 251 completed 159531 operations.
Client 175 finished operations.
Client 252 completed 161510 operations.
Client 20 finished operations.
Client 253 completed 157554 operations.
Client 109 finished operations.
Client 254 completed 157565 operations.
Client 101 finished operations.
Client 255 completed 159450 operations.
throughput 1359956.44 ops/s
