hosts [node0:8080 node1:8080 node2:8080 node3:8080]
theta 0.99
workload YCSB-B
secs 30
Client 192 finished operations.
Client 0 completed 159510 operations.
Client 198 finished operations.
Client 1 completed 157640 operations.
Client 14 finished operations.
Client 2 completed 157509 operations.
Client 16 finished operations.
Client 3 completed 157493 operations.
Client 27 finished operations.
Client 4 completed 158460 operations.
Client 97 finished operations.
Client 5 completed 162509 operations.
Client 237 finished operations.
Client 6 completed 163589 operations.
Client 130 finished operations.
Client 7 completed 163620 operations.
Client 59 finished operations.
Client 8 completed 156422 operations.
Client 106 finished operations.
Client 9 completed 161529 operations.
Client 158 finished operations.
Client 10 completed 159563 operations.
Client 84 finished operations.
Client 11 completed 164610 operations.
Client 242 finished operations.
Client 12 completed 161534 operations.
Client 47 finished operations.
Client 13 completed 162432 operations.
Client 128 finished operations.
Client 14 completed 156661 operations.
Client 232 finished operations.
Client 15 completed 159473 operations.
Client 82 finished operations.
Client 16 completed 161421 operations.
Client 86 finished operations.
Client 17 completed 156530 operations.
Client 200 finished operations.
Client 18 completed 157548 operations.
Client 65 finished operations.
Client 19 completed 160320 operations.
Client 62 finished operations.
Client 20 completed 164478 operations.
Client 70 finished operations.
Client 21 completed 163469 operations.
Client 255 finished operations.
Client 22 completed 157557 operations.
Client 210 finished operations.
Client 23 completed 160539 operations.
Client 115 finished operations.
Client 24 completed 163573 operations.
Client 141 finished operations.
Client 25 completed 157526 operations.
Client 150 finished operations.
Client 26 completed 156584 operations.
Client 253 finished operations.
Client 27 completed 161481 operations.
Client 83 finished operations.
Client 28 completed 157617 operations.
Client 20 finished operations.
Client 29 completed 161488 operations.
Client 201 finished operations.
Client 30 completed 158500 operations.
Client 113 finished operations.
Client 31 completed 158570 operations.
Client 85 finished operations.
Client 32 completed 159421 operations.
Client 67 finished operations.
Client 33 completed 161590 operations.
Client 61 finished operations.
Client 34 completed 162556 operations.
Client 81 finished operations.
Client 35 completed 157444 operations.
Client 123 finished operations.
Client 36 completed 159602 operations.
Client 171 finished operations.
Client 37 completed 158612 operations.
Client 154 finished operations.
Client 38 completed 159397 operations.
Client 110 finished operations.
Client 39 completed 160447 operations.
Client 36 finished operations.
Client 40 completed 160547 operations.
Client 74 finished operations.
Client 41 completed 158541 operations.
Client 98 finished operations.
Client 42 completed 159585 operations.
Client 72 finished operations.
Client 43 completed 158485 operations.
Client 60 finished operations.
Client 44 completed 158642 operations.
Client 28 finished operations.
Client 45 completed 159402 operations.
Client 37 finished operations.
Client 46 completed 158615 operations.
Client 247 finished operations.
Client 47 completed 157488 operations.
Client 252 finished operations.
Client 48 completed 160579 operations.
Client 227 finished operations.
Client 49 completed 160684 operations.
Client 35 finished operations.
Client 50 completed 157553 operations.
Client 105 finished operations.
Client 51 completed 159495 operations.
Client 17 finished operations.
Client 52 completed 163478 operations.
Client 18 finished operations.
Client 53 completed 162475 operations.
Client 103 finished operations.
Client 54 completed 164589 operations.
Client 4 finished operations.
Client 55 completed 161459 operations.
Client 187 finished operations.
Client 56 completed 156422 operations.
Client 40 finished operations.
Client 57 completed 161491 operations.
Client 151 finished operations.
Client 58 completed 162518 operations.
Client 124 finished operations.
Client 59 completed 163495 operations.
Client 174 finished operations.
Client 60 completed 161434 operations.
Client 87 finished operations.
Client 61 completed 162615 operations.
Client 112 finished operations.
Client 62 completed 158548 operations.
Client 96 finished operations.
Client 63 completed 157706 operations.
Client 92 finished operations.
Client 64 completed 160521 operations.
Client 172 finished operations.
Client 65 completed 157568 operations.
Client 143 finished operations.
Client 66 completed 160528 operations.
Client 228 finished operations.
Client 67 completed 160634 operations.
Client 240 finished operations.
Client 68 completed 159553 operations.
Client 144 finished operations.
Client 69 completed 157648 operations.
Client 109 finished operations.
Client 70 completed 160492 operations.
Client 9 finished operations.
Client 71 completed 158502 operations.
Client 181 finished operations.
Client 72 completed 159496 operations.
Client 153 finished operations.
Client 73 completed 158441 operations.
Client 49 finished operations.
Client 74 completed 158518 operations.
Client 207 finished operations.
Client 75 completed 157597 operations.
Client 167 finished operations.
Client 127 finished operations.
Client 76 completed 160490 operations.
Client 77 completed 162427 operations.
Client 129 finished operations.
Client 78 completed 158535 operations.
Client 91 finished operations.
Client 79 completed 163394 operations.
Client 53 finished operations.
Client 80 completed 160547 operations.
Client 222 finished operations.
Client 81 completed 159667 operations.
Client 24 finished operations.
Client 82 completed 160589 operations.
Client 195 finished operations.
Client 83 completed 166619 operations.
Client 159 finished operations.
Client 84 completed 160549 operations.
Client 148 finished operations.
Client 85 completed 162416 operations.
Client 73 finished operations.
Client 86 completed 156467 operations.
Client 120 finished operations.
Client 87 completed 161605 operations.
Client 46 finished operations.
Client 88 completed 156469 operations.
Client 185 finished operations.
Client 89 completed 158461 operations.
Client 94 finished operations.
Client 90 completed 159502 operations.
Client 180 finished operations.
Client 91 completed 159465 operations.
Client 99 finished operations.
Client 92 completed 166493 operations.
Client 77 finished operations.
Client 93 completed 163315 operations.
Client 48 finished operations.
Client 94 completed 161489 operations.
Client 116 finished operations.
Client 95 completed 158616 operations.
Client 58 finished operations.
Client 96 completed 161505 operations.
Client 149 finished operations.
Client 97 completed 159584 operations.
Client 32 finished operations.
Client 98 completed 158584 operations.
Client 63 finished operations.
Client 99 completed 159556 operations.
Client 161 finished operations.
Client 100 completed 160429 operations.
Client 88 finished operations.
Client 101 completed 161462 operations.
Client 166 finished operations.
Client 102 completed 161458 operations.
Client 243 finished operations.
Client 103 completed 159519 operations.
Client 11 finished operations.
Client 104 completed 164491 operations.
Client 249 finished operations.
Client 105 completed 157525 operations.
Client 146 finished operations.
Client 106 completed 160567 operations.
Client 125 finished operations.
Client 107 completed 163399 operations.
Client 43 finished operations.
Client 108 completed 162504 operations.
Client 8 finished operations.
Client 109 completed 159531 operations.
Client 23 finished operations.
Client 110 completed 158554 operations.
Client 44 finished operations.
Client 111 completed 161527 operations.
Client 231 finished operations.
Client 112 completed 159481 operations.
Client 142 finished operations.
Client 113 completed 160601 operations.
Client 184 finished operations.
Client 114 completed 165460 operations.
Client 122 finished operations.
Client 115 completed 163409 operations.
Client 133 finished operations.
Client 116 completed 164599 operations.
Client 152 finished operations.
Client 117 completed 165497 operations.
Client 191 finished operations.
Client 118 completed 159438 operations.
Client 41 finished operations.
Client 119 completed 165502 operations.
Client 235 finished operations.
Client 120 completed 158578 operations.
Client 114 finished operations.
Client 121 completed 157472 operations.
Client 157 finished operations.
Client 122 completed 165520 operations.
Client 101 finished operations.
Client 123 completed 162351 operations.
Client 165 finished operations.
Client 124 completed 153533 operations.
Client 246 finished operations.
Client 125 completed 163449 operations.
Client 197 finished operations.
Client 126 completed 163498 operations.
Client 163 finished operations.
Client 127 completed 159472 operations.
Client 189 finished operations.
Client 128 completed 160462 operations.
Client 234 finished operations.
Client 129 completed 156566 operations.
Client 102 finished operations.
Client 213 finished operations.
Client 130 completed 159585 operations.
Client 131 completed 165461 operations.
Client 50 finished operations.
Client 132 completed 158528 operations.
Client 186 finished operations.
Client 133 completed 158383 operations.
Client 29 finished operations.
Client 134 completed 162356 operations.
Client 140 finished operations.
Client 135 completed 153657 operations.
Client 66 finished operations.
Client 136 completed 163552 operations.
Client 12 finished operations.
Client 137 completed 157465 operations.
Client 57 finished operations.
Client 138 completed 159549 operations.
Client 244 finished operations.
Client 139 completed 158356 operations.
Client 205 finished operations.
Client 140 completed 161404 operations.
Client 248 finished operations.
Client 141 completed 158632 operations.
Client 119 finished operations.
Client 142 completed 160516 operations.
Client 90 finished operations.
Client 143 completed 157635 operations.
Client 21 finished operations.
Client 144 completed 161448 operations.
Client 30 finished operations.
Client 145 completed 156432 operations.
Client 218 finished operations.
Client 146 completed 157569 operations.
Client 13 finished operations.
Client 147 completed 159511 operations.
Client 19 finished operations.
Client 148 completed 159373 operations.
Client 42 finished operations.
Client 149 completed 157554 operations.
Client 238 finished operations.
Client 162 finished operations.
Client 150 completed 160467 operations.
Client 151 completed 159474 operations.
Client 239 finished operations.
Client 152 completed 161667 operations.
Client 118 finished operations.
Client 153 completed 162489 operations.
Client 104 finished operations.
Client 154 completed 161508 operations.
Client 155 finished operations.
Client 38 finished operations.
Client 155 completed 161343 operations.
Client 156 completed 162456 operations.
Client 56 finished operations.
Client 157 completed 158621 operations.
Client 71 finished operations.
Client 158 completed 160555 operations.
Client 250 finished operations.
Client 159 completed 160517 operations.
Client 111 finished operations.
Client 160 completed 159546 operations.
Client 51 finished operations.
Client 161 completed 155496 operations.
Client 188 finished operations.
Client 162 completed 158506 operations.
Client 193 finished operations.
Client 163 completed 161375 operations.
Client 177 finished operations.
Client 164 completed 162470 operations.
Client 107 finished operations.
Client 165 completed 161465 operations.
Client 93 finished operations.
Client 166 completed 159532 operations.
Client 80 finished operations.
Client 167 completed 165456 operations.
Client 5 finished operations.
Client 168 completed 162511 operations.
Client 15 finished operations.
Client 169 completed 166567 operations.
Client 224 finished operations.
Client 170 completed 159505 operations.
Client 69 finished operations.
Client 171 completed 161549 operations.
Client 138 finished operations.
Client 172 completed 159625 operations.
Client 225 finished operations.
Client 173 completed 160504 operations.
Client 126 finished operations.
Client 174 completed 159489 operations.
Client 251 finished operations.
Client 175 completed 156643 operations.
Client 214 finished operations.
Client 176 completed 159469 operations.
Client 75 finished operations.
Client 177 completed 161558 operations.
Client 216 finished operations.
Client 178 completed 161477 operations.
Client 34 finished operations.
Client 179 completed 159523 operations.
Client 233 finished operations.
Client 180 completed 163481 operations.
Client 196 finished operations.
Client 181 completed 157693 operations.
Client 135 finished operations.
Client 175 finished operations.
Client 182 completed 152440 operations.
Client 183 completed 162590 operations.
Client 64 finished operations.
Client 184 completed 163514 operations.
Client 54 finished operations.
Client 185 completed 160650 operations.
Client 168 finished operations.
Client 186 completed 153594 operations.
Client 7 finished operations.
Client 187 completed 162560 operations.
Client 131 finished operations.
Client 188 completed 164438 operations.
Client 173 finished operations.
Client 189 completed 159501 operations.
Client 206 finished operations.
Client 190 completed 157436 operations.
Client 230 finished operations.
Client 191 completed 161482 operations.
Client 176 finished operations.
Client 192 completed 161493 operations.
Client 179 finished operations.
Client 193 completed 160391 operations.
Client 6 finished operations.
Client 194 completed 157618 operations.
Client 145 finished operations.
Client 195 completed 162531 operations.
Client 217 finished operations.
Client 196 completed 161656 operations.
Client 137 finished operations.
Client 197 completed 164511 operations.
Client 117 finished operations.
Client 198 completed 160589 operations.
Client 160 finished operations.
Client 199 completed 159510 operations.
Client 68 finished operations.
Client 200 completed 161546 operations.
Client 182 finished operations.
Client 201 completed 155466 operations.
Client 226 finished operations.
Client 202 completed 158497 operations.
Client 31 finished operations.
Client 203 completed 163455 operations.
Client 39 finished operations.
Client 204 completed 161514 operations.
Client 156 finished operations.
Client 205 completed 157515 operations.
Client 10 finished operations.
Client 206 completed 160591 operations.
Client 22 finished operations.
Client 207 completed 159627 operations.
Client 55 finished operations.
Client 208 completed 159423 operations.
Client 100 finished operations.
Client 209 completed 160515 operations.
Client 1 finished operations.
Client 210 completed 157434 operations.
Client 3 finished operations.
Client 211 completed 160529 operations.
Client 2 finished operations.
Client 212 completed 164508 operations.
Client 52 finished operations.
Client 213 completed 156507 operations.
Client 164 finished operations.
Client 214 completed 161497 operations.
Client 229 finished operations.
Client 215 completed 158507 operations.
Client 203 finished operations.
Client 216 completed 160437 operations.
Client 76 finished operations.
Client 217 completed 161373 operations.
Client 170 finished operations.
Client 218 completed 164508 operations.
Client 78 finished operations.
Client 169 finished operations.
Client 219 completed 163465 operations.
Client 220 completed 154577 operations.
Client 212 finished operations.
Client 134 finished operations.
Client 221 completed 160321 operations.
Client 222 completed 164494 operations.
Client 183 finished operations.
Client 223 completed 162459 operations.
Client 204 finished operations.
Client 224 completed 158511 operations.
Client 209 finished operations.
Client 225 completed 157479 operations.
Client 194 finished operations.
Client 226 completed 160498 operations.
Client 223 finished operations.
Client 227 completed 162561 operations.
Client 211 finished operations.
Client 228 completed 160484 operations.
Client 220 finished operations.
Client 26 finished operations.
Client 229 completed 161409 operations.
Client 230 completed 156434 operations.
Client 245 finished operations.
Client 231 completed 161540 operations.
Client 254 finished operations.
Client 232 completed 157471 operations.
Client 89 finished operations.
Client 233 completed 161387 operations.
Client 45 finished operations.
Client 234 completed 162457 operations.
Client 25 finished operations.
Client 235 completed 158373 operations.
Client 147 finished operations.
Client 236 completed 163524 operations.
Client 33 finished operations.
Client 237 completed 160474 operations.
Client 79 finished operations.
Client 238 completed 160572 operations.
Client 0 finished operations.
Client 239 completed 158445 operations.
Client 215 finished operations.
Client 240 completed 161539 operations.
Client 202 finished operations.
Client 241 completed 157567 operations.
Client 219 finished operations.
Client 242 completed 161419 operations.
Client 108 finished operations.
Client 243 completed 163487 operations.
Client 199 finished operations.
Client 244 completed 157451 operations.
Client 132 finished operations.
Client 245 completed 159532 operations.
Client 139 finished operations.
Client 246 completed 162435 operations.
Client 221 finished operations.
Client 247 completed 160489 operations.
Client 208 finished operations.
Client 248 completed 164436 operations.
Client 178 finished operations.
Client 249 completed 160597 operations.
Client 190 finished operations.
Client 250 completed 158517 operations.
Client 241 finished operations.
Client 251 completed 160538 operations.
Client 95 finished operations.
Client 252 completed 161480 operations.
Client 236 finished operations.
Client 253 completed 158414 operations.
Client 121 finished operations.
Client 254 completed 160540 operations.
Client 136 finished operations.
Client 255 completed 162524 operations.
throughput 1364423.11 ops/s
