hosts [node0:8080 node1:8080 node2:8080 node3:8080]
theta 0.99
workload YCSB-B
secs 30
Client 61 finished operations.
Client 0 completed 160586 operations.
Client 28 finished operations.
Client 1 completed 157482 operations.
Client 219 finished operations.
Client 2 completed 156524 operations.
Client 39 finished operations.
Client 3 completed 158614 operations.
Client 62 finished operations.
Client 4 completed 159618 operations.
Client 106 finished operations.
Client 5 completed 157539 operations.
Client 127 finished operations.
Client 6 completed 159702 operations.
Client 132 finished operations.
Client 7 completed 160498 operations.
Client 17 finished operations.
Client 8 completed 160648 operations.
Client 234 finished operations.
Client 9 completed 160621 operations.
Client 133 finished operations.
Client 10 completed 158625 operations.
Client 177 finished operations.
Client 11 completed 159585 operations.
Client 31 finished operations.
Client 12 completed 159487 operations.
Client 53 finished operations.
Client 13 completed 157445 operations.
Client 59 finished operations.
Client 14 completed 162416 operations.
Client 131 finished operations.
Client 15 completed 159445 operations.
Client 224 finished operations.
Client 16 completed 161564 operations.
Client 20 finished operations.
Client 17 completed 159529 operations.
Client 5 finished operations.
Client 18 completed 160483 operations.
Client 84 finished operations.
Client 19 completed 158488 operations.
Client 11 finished operations.
Client 20 completed 160654 operations.
Client 149 finished operations.
Client 21 completed 158544 operations.
Client 83 finished operations.
Client 22 completed 156562 operations.
Client 15 finished operations.
Client 23 completed 157592 operations.
Client 134 finished operations.
Client 24 completed 157576 operations.
Client 50 finished operations.
Client 25 completed 161481 operations.
Client 78 finished operations.
Client 26 completed 159618 operations.
Client 97 finished operations.
Client 27 completed 156501 operations.
Client 51 finished operations.
Client 28 completed 161586 operations.
Client 94 finished operations.
Client 29 completed 158648 operations.
Client 29 finished operations.
Client 30 completed 157572 operations.
Client 230 finished operations.
Client 31 completed 159590 operations.
Client 117 finished operations.
Client 32 completed 159504 operations.
Client 228 finished operations.
Client 33 completed 155693 operations.
Client 128 finished operations.
Client 250 finished operations.
Client 34 completed 158504 operations.
Client 35 completed 155545 operations.
Client 57 finished operations.
Client 36 completed 161445 operations.
Client 103 finished operations.
Client 37 completed 163415 operations.
Client 150 finished operations.
Client 38 completed 158619 operations.
Client 111 finished operations.
Client 39 completed 161476 operations.
Client 165 finished operations.
Client 40 completed 163470 operations.
Client 1 finished operations.
Client 41 completed 159578 operations.
Client 215 finished operations.
Client 42 completed 160550 operations.
Client 63 finished operations.
Client 43 completed 157569 operations.
Client 4 finished operations.
Client 44 completed 159559 operations.
Client 159 finished operations.
Client 16 finished operations.
Client 56 finished operations.
Client 141 finished operations.
Client 238 finished operations.
Client 45 finished operations.
Client 58 finished operations.
Client 254 finished operations.
Client 143 finished operations.
Client 237 finished operations.
Client 45 completed 164516 operations.
Client 46 completed 158613 operations.
Client 47 completed 160554 operations.
Client 48 completed 156569 operations.
Client 49 completed 159570 operations.
Client 50 completed 159476 operations.
Client 51 completed 159671 operations.
Client 52 completed 161531 operations.
Client 53 completed 157625 operations.
Client 54 completed 157546 operations.
Client 240 finished operations.
Client 55 completed 153575 operations.
Client 82 finished operations.
Client 56 completed 164419 operations.
Client 19 finished operations.
Client 57 completed 163509 operations.
Client 162 finished operations.
Client 58 completed 159352 operations.
Client 91 finished operations.
Client 59 completed 158565 operations.
Client 37 finished operations.
Client 60 completed 159555 operations.
Client 81 finished operations.
Client 61 completed 158576 operations.
Client 64 finished operations.
Client 62 completed 158421 operations.
Client 2 finished operations.
Client 63 completed 159508 operations.
Client 135 finished operations.
Client 64 completed 163368 operations.
Client 60 finished operations.
Client 65 completed 164573 operations.
Client 190 finished operations.
Client 66 completed 155636 operations.
Client 169 finished operations.
Client 67 completed 159668 operations.
Client 9 finished operations.
Client 68 completed 156529 operations.
Client 180 finished operations.
Client 69 completed 157520 operations.
Client 151 finished operations.
Client 70 completed 156452 operations.
Client 10 finished operations.
Client 71 completed 159634 operations.
Client 119 finished operations.
Client 72 completed 164394 operations.
Client 171 finished operations.
Client 73 completed 161578 operations.
Client 105 finished operations.
Client 74 completed 157532 operations.
Client 72 finished operations.
Client 75 completed 159666 operations.
Client 160 finished operations.
Client 76 completed 155551 operations.
Client 198 finished operations.
Client 77 completed 162535 operations.
Client 34 finished operations.
Client 78 completed 158420 operations.
Client 155 finished operations.
Client 79 completed 162523 operations.
Client 67 finished operations.
Client 80 completed 159539 operations.
Client 221 finished operations.
Client 81 completed 157403 operations.
Client 232 finished operations.
Client 82 completed 159776 operations.
Client 191 finished operations.
Client 83 completed 157515 operations.
Client 138 finished operations.
Client 84 completed 156565 operations.
Client 253 finished operations.
Client 85 completed 157571 operations.
Client 80 finished operations.
Client 86 completed 160583 operations.
Client 210 finished operations.
Client 87 completed 162696 operations.
Client 233 finished operations.
Client 88 completed 158489 operations.
Client 115 finished operations.
Client 89 completed 161380 operations.
Client 192 finished operations.
Client 90 completed 159558 operations.
Client 98 finished operations.
Client 91 completed 159584 operations.
Client 121 finished operations.
Client 92 completed 159439 operations.
Client 223 finished operations.
Client 216 finished operations.
Client 93 completed 161420 operations.
Client 94 completed 158691 operations.
Client 220 finished operations.
Client 95 completed 157465 operations.
Client 243 finished operations.
Client 96 completed 160528 operations.
Client 146 finished operations.
Client 97 completed 157539 operations.
Client 70 finished operations.
Client 98 completed 160433 operations.
Client 222 finished operations.
Client 99 completed 158488 operations.
Client 86 finished operations.
Client 100 completed 160581 operations.
Client 157 finished operations.
Client 101 completed 163367 operations.
Client 200 finished operations.
Client 102 completed 161525 operations.
Client 65 finished operations.
Client 103 completed 161410 operations.
Client 194 finished operations.
Client 104 completed 158618 operations.
Client 32 finished operations.
Client 105 completed 161483 operations.
Client 110 finished operations.
Client 106 completed 155509 operations.
Client 18 finished operations.
Client 107 completed 161562 operations.
Client 35 finished operations.
Client 108 completed 159433 operations.
Client 187 finished operations.
Client 109 completed 162531 operations.
Client 79 finished operations.
Client 110 completed 161721 operations.
Client 185 finished operations.
Client 111 completed 161581 operations.
Client 188 finished operations.
Client 112 completed 156498 operations.
Client 33 finished operations.
Client 113 completed 161465 operations.
Client 23 finished operations.
Client 114 completed 159589 operations.
Client 125 finished operations.
Client 115 completed 161501 operations.
Client 129 finished operations.
Client 116 completed 159665 operations.
Client 100 finished operations.
Client 117 completed 159495 operations.
Client 166 finished operations.
Client 118 completed 155515 operations.
Client 147 finished operations.
Client 119 completed 156556 operations.
Client 90 finished operations.
Client 120 completed 166480 operations.
Client 116 finished operations.
Client 121 completed 161571 operations.
Client 40 finished operations.
Client 122 completed 156564 operations.
Client 242 finished operations.
Client 123 completed 164542 operations.
Client 101 finished operations.
Client 124 completed 162548 operations.
Client 170 finished operations.
Client 125 completed 162527 operations.
Client 176 finished operations.
Client 126 completed 159553 operations.
Client 38 finished operations.
Client 127 completed 158569 operations.
Client 183 finished operations.
Client 128 completed 162540 operations.
Client 36 finished operations.
Client 129 completed 156573 operations.
Client 214 finished operations.
Client 130 completed 161489 operations.
Client 174 finished operations.
Client 131 completed 161518 operations.
Client 218 finished operations.
Client 132 completed 159531 operations.
Client 181 finished operations.
Client 133 completed 159601 operations.
Client 114 finished operations.
Client 134 completed 155588 operations.
Client 3 finished operations.
Client 135 completed 160536 operations.
Client 6 finished operations.
Client 136 completed 158561 operations.
Client 43 finished operations.
Client 137 completed 160593 operations.
Client 7 finished operations.
Client 138 completed 160449 operations.
Client 217 finished operations.
Client 139 completed 163443 operations.
Client 139 finished operations.
Client 140 completed 155501 operations.
Client 178 finished operations.
Client 141 completed 164512 operations.
Client 52 finished operations.
Client 142 completed 159475 operations.
Client 99 finished operations.
Client 143 completed 160458 operations.
Client 136 finished operations.
Client 87 finished operations.
Client 144 completed 157513 operations.
Client 145 completed 155555 operations.
Client 95 finished operations.
Client 146 completed 163498 operations.
Client 85 finished operations.
Client 147 completed 158586 operations.
Client 102 finished operations.
Client 148 completed 158610 operations.
Client 41 finished operations.
Client 149 completed 160652 operations.
Client 245 finished operations.
Client 150 completed 161566 operations.
Client 212 finished operations.
Client 151 completed 158528 operations.
Client 130 finished operations.
Client 152 completed 158566 operations.
Client 71 finished operations.
Client 153 completed 160516 operations.
Client 205 finished operations.
Client 154 completed 165559 operations.
Client 189 finished operations.
Client 155 completed 160515 operations.
Client 202 finished operations.
Client 156 completed 161425 operations.
Client 66 finished operations.
Client 157 completed 163481 operations.
Client 25 finished operations.
Client 158 completed 159430 operations.
Client 179 finished operations.
Client 159 completed 159563 operations.
Client 46 finished operations.
Client 160 completed 160495 operations.
Client 208 finished operations.
Client 161 completed 160551 operations.
Client 76 finished operations.
Client 162 completed 161407 operations.
Client 186 finished operations.
Client 163 completed 161576 operations.
Client 182 finished operations.
Client 164 completed 159644 operations.
Client 44 finished operations.
Client 165 completed 160536 operations.
Client 225 finished operations.
Client 166 completed 158564 operations.
Client 206 finished operations.
Client 167 completed 159485 operations.
Client 167 finished operations.
Client 168 completed 157575 operations.
Client 153 finished operations.
Client 199 finished operations.
Client 169 completed 158524 operations.
Client 170 completed 160437 operations.
Client 89 finished operations.
Client 171 completed 161517 operations.
Client 255 finished operations.
Client 172 completed 158478 operations.
Client 152 finished operations.
Client 173 completed 158513 operations.
Client 175 finished operations.
Client 174 completed 163419 operations.
Client 213 finished operations.
Client 175 completed 158571 operations.
Client 161 finished operations.
Client 176 completed 160539 operations.
Client 144 finished operations.
Client 177 completed 162516 operations.
Client 148 finished operations.
Client 178 completed 154521 operations.
Client 241 finished operations.
Client 179 completed 158552 operations.
Client 12 finished operations.
Client 184 finished operations.
Client 180 completed 159633 operations.
Client 181 completed 159537 operations.
Client 69 finished operations.
Client 182 completed 161379 operations.
Client 156 finished operations.
Client 183 completed 156637 operations.
Client 204 finished operations.
Client 120 finished operations.
Client 184 completed 159481 operations.
Client 185 completed 162545 operations.
Client 123 finished operations.
Client 186 completed 153547 operations.
Client 21 finished operations.
Client 187 completed 158449 operations.
Client 55 finished operations.
Client 188 completed 159556 operations.
Client 158 finished operations.
Client 189 completed 159729 operations.
Client 75 finished operations.
Client 190 completed 163615 operations.
Client 77 finished operations.
Client 191 completed 160471 operations.
Client 92 finished operations.
Client 24 finished operations.
Client 244 finished operations.
Client 192 completed 161465 operations.
Client 193 completed 158504 operations.
Client 194 completed 162482 operations.
Client 172 finished operations.
Client 195 completed 159491 operations.
Client 122 finished operations.
Client 196 completed 158609 operations.
Client 173 finished operations.
Client 197 completed 162419 operations.
Client 140 finished operations.
Client 198 completed 163563 operations.
Client 248 finished operations.
Client 199 completed 157442 operations.
Client 195 finished operations.
Client 200 completed 158639 operations.
Client 118 finished operations.
Client 201 completed 166453 operations.
Client 73 finished operations.
Client 202 completed 158517 operations.
Client 229 finished operations.
Client 203 completed 160436 operations.
Client 68 finished operations.
Client 204 completed 158554 operations.
Client 207 finished operations.
Client 205 completed 160531 operations.
Client 124 finished operations.
Client 206 completed 158464 operations.
Client 113 finished operations.
Client 207 completed 165517 operations.
Client 247 finished operations.
Client 208 completed 156662 operations.
Client 96 finished operations.
Client 209 completed 161589 operations.
Client 0 finished operations.
Client 210 completed 164405 operations.
Client 246 finished operations.
Client 211 completed 162494 operations.
Client 88 finished operations.
Client 212 completed 163426 operations.
Client 193 finished operations.
Client 213 completed 157491 operations.
Client 104 finished operations.
Client 214 completed 157566 operations.
Client 109 finished operations.
Client 215 completed 159331 operations.
Client 137 finished operations.
Client 216 completed 163548 operations.
Client 145 finished operations.
Client 217 completed 159521 operations.
Client 48 finished operations.
Client 218 completed 161540 operations.
Client 252 finished operations.
Client 219 completed 154525 operations.
Client 126 finished operations.
Client 220 completed 154660 operations.
Client 107 finished operations.
Client 221 completed 161492 operations.
Client 163 finished operations.
Client 222 completed 156556 operations.
Client 211 finished operations.
Client 223 completed 154508 operations.
Client 235 finished operations.
Client 224 completed 160534 operations.
Client 93 finished operations.
Client 225 completed 159471 operations.
Client 249 finished operations.
Client 226 completed 157628 operations.
Client 251 finished operations.
Client 227 completed 157534 operations.
Client 108 finished operations.
Client 228 completed 160654 operations.
Client 201 finished operations.
Client 229 completed 156578 operations.
Client 42 finished operations.
Client 230 completed 160508 operations.
Client 30 finished operations.
Client 231 completed 165468 operations.
Client 13 finished operations.
Client 232 completed 163528 operations.
Client 209 finished operations.
Client 233 completed 158556 operations.
Client 49 finished operations.
Client 234 completed 163481 operations.
Client 154 finished operations.
Client 235 completed 155716 operations.
Client 27 finished operations.
Client 236 completed 157487 operations.
Client 142 finished operations.
Client 237 completed 158521 operations.
Client 74 finished operations.
Client 238 completed 160534 operations.
Client 47 finished operations.
Client 239 completed 163529 operations.
Client 14 finished operations.
Client 240 completed 154518 operations.
Client 26 finished operations.
Client 241 completed 158464 operations.
Client 203 finished operations.
Client 242 completed 162649 operations.
Client 196 finished operations.
Client 243 completed 159589 operations.
Client 231 finished operations.
Client 244 completed 160570 operations.
Client 112 finished operations.
Client 245 completed 160441 operations.
Client 22 finished operations.
Client 246 completed 159362 operations.
Client 8 finished operations.
Client 247 completed 160609 operations.
Client 239 finished operations.
Client 248 completed 158567 operations.
Client 164 finished operations.
Client 249 completed 160551 operations.
Client 197 finished operations.
Client 250 completed 161454 operations.
Client 168 finished operations.
Client 251 completed 156438 operations.
Client 226 finished operations.
Client 252 completed 155596 operations.
Client 227 finished operations.
Client 253 completed 158469 operations.
Client 236 finished operations.
Client 254 completed 164493 operations.
Client 54 finished operations.
Client 255 completed 165362 operations.
throughput 1359433.76 ops/s
