hosts [node0:8080 node1:8080 node2:8080 node3:8080]
theta 0.99
workload YCSB-B
secs 30
Client 155 finished operations.
Client 0 completed 156659 operations.
Client 241 finished operations.
Client 1 completed 158571 operations.
Client 130 finished operations.
Client 2 completed 154555 operations.
Client 43 finished operations.
Client 3 completed 157662 operations.
Client 123 finished operations.
Client 4 completed 158680 operations.
Client 134 finished operations.
Client 5 completed 159618 operations.
Client 35 finished operations.
Client 6 completed 157566 operations.
Client 12 finished operations.
Client 7 completed 153625 operations.
Client 156 finished operations.
Client 8 completed 153572 operations.
Client 90 finished operations.
Client 9 completed 158601 operations.
Client 55 finished operations.
Client 10 completed 157545 operations.
Client 98 finished operations.
Client 11 completed 155670 operations.
Client 20 finished operations.
Client 12 completed 153656 operations.
Client 114 finished operations.
Client 13 completed 160598 operations.
Client 53 finished operations.
Client 14 completed 156622 operations.
Client 15 finished operations.
Client 15 completed 158618 operations.
Client 3 finished operations.
Client 16 completed 155575 operations.
Client 4 finished operations.
Client 17 completed 157656 operations.
Client 84 finished operations.
Client 18 completed 159476 operations.
Client 148 finished operations.
Client 19 completed 157736 operations.
Client 197 finished operations.
Client 20 completed 153709 operations.
Client 33 finished operations.
Client 61 finished operations.
Client 21 completed 152652 operations.
Client 22 completed 157649 operations.
Client 22 finished operations.
Client 23 completed 154586 operations.
Client 138 finished operations.
Client 24 completed 154670 operations.
Client 232 finished operations.
Client 25 completed 155645 operations.
Client 153 finished operations.
Client 26 completed 159432 operations.
Client 165 finished operations.
Client 27 completed 154701 operations.
Client 32 finished operations.
Client 28 completed 160813 operations.
Client 80 finished operations.
Client 29 completed 153600 operations.
Client 108 finished operations.
Client 30 completed 155672 operations.
Client 132 finished operations.
Client 31 completed 154667 operations.
Client 13 finished operations.
Client 32 completed 158559 operations.
Client 51 finished operations.
Client 33 completed 154661 operations.
Client 160 finished operations.
Client 34 completed 160538 operations.
Client 227 finished operations.
Client 35 completed 155676 operations.
Client 93 finished operations.
Client 36 completed 154638 operations.
Client 255 finished operations.
Client 37 completed 159705 operations.
Client 181 finished operations.
Client 38 completed 156610 operations.
Client 78 finished operations.
Client 39 completed 157554 operations.
Client 252 finished operations.
Client 40 completed 155739 operations.
Client 119 finished operations.
Client 41 completed 155740 operations.
Client 178 finished operations.
Client 42 completed 153642 operations.
Client 116 finished operations.
Client 43 completed 155502 operations.
Client 211 finished operations.
Client 44 completed 154706 operations.
Client 71 finished operations.
Client 183 finished operations.
Client 45 completed 158686 operations.
Client 46 completed 153675 operations.
Client 45 finished operations.
Client 47 completed 160506 operations.
Client 68 finished operations.
Client 48 completed 152689 operations.
Client 17 finished operations.
Client 49 completed 154717 operations.
Client 86 finished operations.
Client 50 completed 160592 operations.
Client 147 finished operations.
Client 51 completed 155681 operations.
Client 142 finished operations.
Client 52 completed 157651 operations.
Client 24 finished operations.
Client 53 completed 156689 operations.
Client 230 finished operations.
Client 54 completed 156556 operations.
Client 75 finished operations.
Client 55 completed 159427 operations.
Client 217 finished operations.
Client 56 completed 156608 operations.
Client 235 finished operations.
Client 57 completed 157535 operations.
Client 106 finished operations.
Client 58 completed 163628 operations.
Client 87 finished operations.
Client 59 completed 156579 operations.
Client 143 finished operations.
Client 60 completed 156764 operations.
Client 182 finished operations.
Client 61 completed 155678 operations.
Client 129 finished operations.
Client 62 completed 159409 operations.
Client 202 finished operations.
Client 63 completed 157577 operations.
Client 234 finished operations.
Client 64 completed 157561 operations.
Client 11 finished operations.
Client 145 finished operations.
Client 65 completed 158556 operations.
Client 66 completed 154556 operations.
Client 49 finished operations.
Client 67 completed 151680 operations.
Client 146 finished operations.
Client 68 completed 152716 operations.
Client 240 finished operations.
Client 69 completed 157717 operations.
Client 219 finished operations.
Client 70 completed 157736 operations.
Client 135 finished operations.
Client 71 completed 160666 operations.
Client 194 finished operations.
Client 72 completed 157537 operations.
Client 101 finished operations.
Client 73 completed 155583 operations.
Client 9 finished operations.
Client 74 completed 160599 operations.
Client 171 finished operations.
Client 75 completed 158719 operations.
Client 206 finished operations.
Client 76 completed 153706 operations.
Client 150 finished operations.
Client 77 completed 158497 operations.
Client 5 finished operations.
Client 78 completed 159545 operations.
Client 37 finished operations.
Client 79 completed 157698 operations.
Client 196 finished operations.
Client 80 completed 156475 operations.
Client 222 finished operations.
Client 81 completed 152603 operations.
Client 192 finished operations.
Client 82 completed 158510 operations.
Client 151 finished operations.
Client 83 completed 160491 operations.
Client 104 finished operations.
Client 84 completed 158599 operations.
Client 162 finished operations.
Client 85 completed 157516 operations.
Client 215 finished operations.
Client 86 completed 154657 operations.
Client 31 finished operations.
Client 87 completed 157503 operations.
Client 207 finished operations.
Client 88 completed 154789 operations.
Client 63 finished operations.
Client 89 completed 159739 operations.
Client 140 finished operations.
Client 90 completed 158469 operations.
Client 65 finished operations.
Client 91 completed 155598 operations.
Client 233 finished operations.
Client 92 completed 158615 operations.
Client 218 finished operations.
Client 93 completed 160667 operations.
Client 237 finished operations.
Client 94 completed 155640 operations.
Client 236 finished operations.
Client 95 completed 157598 operations.
Client 59 finished operations.
Client 96 completed 160712 operations.
Client 158 finished operations.
Client 97 completed 158525 operations.
Client 193 finished operations.
Client 98 completed 158676 operations.
Client 159 finished operations.
Client 99 completed 158622 operations.
Client 109 finished operations.
Client 100 completed 156731 operations.
Client 214 finished operations.
Client 101 completed 159517 operations.
Client 115 finished operations.
Client 102 completed 158406 operations.
Client 66 finished operations.
Client 103 completed 157669 operations.
Client 199 finished operations.
Client 104 completed 155738 operations.
Client 245 finished operations.
Client 105 completed 156670 operations.
Client 81 finished operations.
Client 106 completed 155625 operations.
Client 60 finished operations.
Client 107 completed 158556 operations.
Client 34 finished operations.
Client 108 completed 155482 operations.
Client 163 finished operations.
Client 109 completed 156711 operations.
Client 200 finished operations.
Client 110 completed 156567 operations.
Client 52 finished operations.
Client 111 completed 158492 operations.
Client 48 finished operations.
Client 112 completed 155496 operations.
Client 161 finished operations.
Client 113 completed 159665 operations.
Client 180 finished operations.
Client 114 completed 155634 operations.
Client 185 finished operations.
Client 115 completed 154693 operations.
Client 169 finished operations.
Client 116 completed 154632 operations.
Client 225 finished operations.
Client 117 completed 156522 operations.
Client 190 finished operations.
Client 118 completed 157550 operations.
Client 167 finished operations.
Client 119 completed 157553 operations.
Client 238 finished operations.
Client 120 completed 158673 operations.
Client 95 finished operations.
Client 121 completed 155700 operations.
Client 220 finished operations.
Client 122 completed 156731 operations.
Client 46 finished operations.
Client 123 completed 155635 operations.
Client 208 finished operations.
Client 124 completed 159624 operations.
Client 231 finished operations.
Client 125 completed 158586 operations.
Client 85 finished operations.
Client 126 completed 157517 operations.
Client 88 finished operations.
Client 127 completed 156610 operations.
Client 47 finished operations.
Client 128 completed 155707 operations.
Client 176 finished operations.
Client 129 completed 155657 operations.
Client 201 finished operations.
Client 130 completed 158602 operations.
Client 120 finished operations.
Client 131 completed 158628 operations.
Client 152 finished operations.
Client 132 completed 154653 operations.
Client 212 finished operations.
Client 133 completed 163528 operations.
Client 184 finished operations.
Client 134 completed 156533 operations.
Client 117 finished operations.
Client 135 completed 158634 operations.
Client 57 finished operations.
Client 136 completed 160506 operations.
Client 175 finished operations.
Client 137 completed 161675 operations.
Client 204 finished operations.
Client 138 completed 156529 operations.
Client 50 finished operations.
Client 139 completed 156573 operations.
Client 96 finished operations.
Client 140 completed 157672 operations.
Client 191 finished operations.
Client 141 completed 154634 operations.
Client 125 finished operations.
Client 142 completed 157554 operations.
Client 157 finished operations.
Client 143 completed 160658 operations.
Client 189 finished operations.
Client 144 completed 154632 operations.
Client 223 finished operations.
Client 145 completed 161524 operations.
Client 251 finished operations.
Client 146 completed 161585 operations.
Client 203 finished operations.
Client 147 completed 157651 operations.
Client 7 finished operations.
Client 148 completed 159605 operations.
Client 121 finished operations.
Client 149 completed 157571 operations.
Client 105 finished operations.
Client 150 completed 155609 operations.
Client 195 finished operations.
Client 151 completed 158521 operations.
Client 144 finished operations.
Client 152 completed 158415 operations.
Client 72 finished operations.
Client 153 completed 158705 operations.
Client 36 finished operations.
Client 154 completed 156602 operations.
Client 242 finished operations.
Client 155 completed 155598 operations.
Client 244 finished operations.
Client 156 completed 155572 operations.
Client 70 finished operations.
Client 157 completed 158681 operations.
Client 39 finished operations.
Client 158 completed 162601 operations.
Client 172 finished operations.
Client 159 completed 156652 operations.
Client 73 finished operations.
Client 160 completed 163592 operations.
Client 122 finished operations.
Client 161 completed 156715 operations.
Client 166 finished operations.
Client 162 completed 159583 operations.
Client 198 finished operations.
Client 163 completed 158709 operations.
Client 41 finished operations.
Client 164 completed 156596 operations.
Client 127 finished operations.
Client 165 completed 159520 operations.
Client 102 finished operations.
Client 166 completed 161791 operations.
Client 209 finished operations.
Client 167 completed 153634 operations.
Client 99 finished operations.
Client 168 completed 160735 operations.
Client 113 finished operations.
Client 169 completed 157595 operations.
Client 8 finished operations.
Client 170 completed 154610 operations.
Client 187 finished operations.
Client 171 completed 154733 operations.
Client 137 finished operations.
Client 172 completed 156527 operations.
Client 76 finished operations.
Client 173 completed 161476 operations.
Client 10 finished operations.
Client 174 completed 159577 operations.
Client 250 finished operations.
Client 175 completed 156721 operations.
Client 103 finished operations.
Client 176 completed 160660 operations.
Client 64 finished operations.
Client 177 completed 154561 operations.
Client 239 finished operations.
Client 178 completed 156637 operations.
Client 58 finished operations.
Client 179 completed 153596 operations.
Client 28 finished operations.
Client 180 completed 158607 operations.
Client 124 finished operations.
Client 181 completed 160738 operations.
Client 23 finished operations.
Client 182 completed 161665 operations.
Client 229 finished operations.
Client 183 completed 156607 operations.
Client 149 finished operations.
Client 184 completed 157684 operations.
Client 56 finished operations.
Client 185 completed 159499 operations.
Client 247 finished operations.
Client 186 completed 157568 operations.
Client 14 finished operations.
Client 42 finished operations.
Client 6 finished operations.
Client 187 completed 156474 operations.
Client 188 completed 158714 operations.
Client 189 completed 152589 operations.
Client 40 finished operations.
Client 190 completed 156553 operations.
Client 174 finished operations.
Client 191 completed 156579 operations.
Client 254 finished operations.
Client 192 completed 158515 operations.
Client 83 finished operations.
Client 193 completed 156499 operations.
Client 110 finished operations.
Client 194 completed 156625 operations.
Client 69 finished operations.
Client 195 completed 151664 operations.
Client 213 finished operations.
Client 196 completed 158673 operations.
Client 25 finished operations.
Client 197 completed 158487 operations.
Client 77 finished operations.
Client 198 completed 153604 operations.
Client 253 finished operations.
Client 199 completed 154597 operations.
Client 54 finished operations.
Client 200 completed 156659 operations.
Client 249 finished operations.
Client 201 completed 158662 operations.
Client 133 finished operations.
Client 202 completed 153711 operations.
Client 94 finished operations.
Client 203 completed 159538 operations.
Client 18 finished operations.
Client 204 completed 162466 operations.
Client 29 finished operations.
Client 205 completed 158628 operations.
Client 170 finished operations.
Client 206 completed 158653 operations.
Client 164 finished operations.
Client 207 completed 156531 operations.
Client 186 finished operations.
Client 208 completed 156535 operations.
Client 79 finished operations.
Client 209 completed 157537 operations.
Client 62 finished operations.
Client 210 completed 156566 operations.
Client 228 finished operations.
Client 211 completed 158479 operations.
Client 131 finished operations.
Client 212 completed 156554 operations.
Client 246 finished operations.
Client 213 completed 155515 operations.
Client 179 finished operations.
Client 92 finished operations.
Client 74 finished operations.
Client 214 completed 159515 operations.
Client 215 completed 160601 operations.
Client 216 completed 153592 operations.
Client 205 finished operations.
Client 217 completed 157735 operations.
Client 112 finished operations.
Client 218 completed 160623 operations.
Client 168 finished operations.
Client 219 completed 154641 operations.
Client 16 finished operations.
Client 220 completed 155571 operations.
Client 216 finished operations.
Client 221 completed 153518 operations.
Client 226 finished operations.
Client 222 completed 158522 operations.
Client 111 finished operations.
Client 223 completed 160657 operations.
Client 139 finished operations.
Client 224 completed 155501 operations.
Client 243 finished operations.
Client 225 completed 154606 operations.
Client 27 finished operations.
Client 226 completed 155600 operations.
Client 19 finished operations.
Client 227 completed 159658 operations.
Client 107 finished operations.
Client 228 completed 158493 operations.
Client 30 finished operations.
Client 229 completed 155683 operations.
Client 221 finished operations.
Client 230 completed 160475 operations.
Client 38 finished operations.
Client 231 completed 159682 operations.
Client 0 finished operations.
Client 232 completed 159605 operations.
Client 248 finished operations.
Client 233 completed 154693 operations.
Client 21 finished operations.
Client 234 completed 157624 operations.
Client 1 finished operations.
Client 235 completed 156642 operations.
Client 126 finished operations.
Client 236 completed 160614 operations.
Client 154 finished operations.
Client 118 finished operations.
Client 237 completed 161460 operations.
Client 238 completed 156477 operations.
Client 100 finished operations.
Client 239 completed 156493 operations.
Client 177 finished operations.
Client 240 completed 163594 operations.
Client 91 finished operations.
Client 241 completed 157564 operations.
Client 128 finished operations.
Client 242 completed 155684 operations.
Client 188 finished operations.
Client 243 completed 157588 operations.
Client 89 finished operations.
Client 244 completed 159548 operations.
Client 136 finished operations.
Client 245 completed 156581 operations.
Client 173 finished operations.
Client 246 completed 155607 operations.
Client 82 finished operations.
Client 247 completed 154605 operations.
Client 224 finished operations.
Client 248 completed 161572 operations.
Client 44 finished operations.
Client 249 completed 156483 operations.
Client 2 finished operations.
Client 250 completed 159560 operations.
Client 210 finished operations.
Client 251 completed 157668 operations.
Client 97 finished operations.
Client 252 completed 157568 operations.
Client 26 finished operations.
Client 253 completed 160547 operations.
Client 141 finished operations.
Client 254 completed 157540 operations.
Client 67 finished operations.
Client 255 completed 160604 operations.
throughput 1339642.42 ops/s
