hosts [node0:8080 node1:8080 node2:8080 node3:8080]
theta 0.99
workload YCSB-B
secs 30
Client 122 finished operations.
Client 0 completed 158464 operations.
Client 218 finished operations.
Client 1 completed 158635 operations.
Client 126 finished operations.
Client 2 completed 162567 operations.
Client 197 finished operations.
Client 3 completed 156532 operations.
Client 1 finished operations.
Client 4 completed 163418 operations.
Client 220 finished operations.
Client 5 completed 162437 operations.
Client 239 finished operations.
Client 6 completed 163445 operations.
Client 154 finished operations.
Client 7 completed 161444 operations.
Client 127 finished operations.
Client 8 completed 161525 operations.
Client 90 finished operations.
Client 9 completed 160531 operations.
Client 68 finished operations.
Client 10 completed 162476 operations.
Client 129 finished operations.
Client 11 completed 161478 operations.
Client 194 finished operations.
Client 12 completed 164478 operations.
Client 234 finished operations.
Client 13 completed 159434 operations.
Client 168 finished operations.
Client 14 completed 162543 operations.
Client 144 finished operations.
Client 15 completed 166396 operations.
Client 207 finished operations.
Client 16 completed 160562 operations.
Client 247 finished operations.
Client 17 completed 162490 operations.
Client 230 finished operations.
Client 18 completed 163614 operations.
Client 117 finished operations.
Client 19 completed 160417 operations.
Client 135 finished operations.
Client 20 completed 161538 operations.
Client 206 finished operations.
Client 21 completed 165488 operations.
Client 149 finished operations.
Client 22 completed 159504 operations.
Client 29 finished operations.
Client 23 completed 160390 operations.
Client 254 finished operations.
Client 24 completed 158473 operations.
Client 9 finished operations.
Client 25 completed 159500 operations.
Client 67 finished operations.
Client 26 completed 163533 operations.
Client 178 finished operations.
Client 27 completed 161527 operations.
Client 25 finished operations.
Client 28 completed 156448 operations.
Client 221 finished operations.
Client 29 completed 161591 operations.
Client 140 finished operations.
Client 30 completed 161430 operations.
Client 202 finished operations.
Client 31 completed 159475 operations.
Client 14 finished operations.
Client 32 completed 158525 operations.
Client 213 finished operations.
Client 33 completed 161572 operations.
Client 81 finished operations.
Client 34 completed 162476 operations.
Client 100 finished operations.
Client 35 completed 161469 operations.
Client 125 finished operations.
Client 36 completed 159570 operations.
Client 229 finished operations.
Client 37 completed 161490 operations.
Client 171 finished operations.
Client 3 finished operations.
Client 38 completed 162477 operations.
Client 39 completed 159461 operations.
Client 2 finished operations.
Client 40 completed 162554 operations.
Client 76 finished operations.
Client 41 completed 161414 operations.
Client 191 finished operations.
Client 42 completed 162512 operations.
Client 208 finished operations.
Client 43 completed 160530 operations.
Client 36 finished operations.
Client 44 completed 160573 operations.
Client 42 finished operations.
Client 45 completed 159443 operations.
Client 78 finished operations.
Client 46 completed 163475 operations.
Client 120 finished operations.
Client 47 completed 162456 operations.
Client 105 finished operations.
Client 48 completed 162551 operations.
Client 219 finished operations.
Client 49 completed 162506 operations.
Client 58 finished operations.
Client 50 completed 156589 operations.
Client 6 finished operations.
Client 51 completed 163503 operations.
Client 63 finished operations.
Client 52 completed 159498 operations.
Client 101 finished operations.
Client 53 completed 165486 operations.
Client 19 finished operations.
Client 54 completed 162470 operations.
Client 153 finished operations.
Client 55 completed 163386 operations.
Client 232 finished operations.
Client 56 completed 159515 operations.
Client 188 finished operations.
Client 57 completed 161443 operations.
Client 97 finished operations.
Client 58 completed 163388 operations.
Client 244 finished operations.
Client 59 completed 164593 operations.
Client 184 finished operations.
Client 60 completed 158528 operations.
Client 73 finished operations.
Client 61 completed 163434 operations.
Client 118 finished operations.
Client 62 completed 160382 operations.
Client 109 finished operations.
Client 63 completed 157566 operations.
Client 31 finished operations.
Client 64 completed 165391 operations.
Client 150 finished operations.
Client 65 completed 160375 operations.
Client 147 finished operations.
Client 66 completed 161531 operations.
Client 172 finished operations.
Client 67 completed 164476 operations.
Client 71 finished operations.
Client 68 completed 159447 operations.
Client 72 finished operations.
Client 69 completed 158434 operations.
Client 128 finished operations.
Client 70 completed 160626 operations.
Client 27 finished operations.
Client 71 completed 162505 operations.
Client 198 finished operations.
Client 72 completed 160537 operations.
Client 215 finished operations.
Client 73 completed 162466 operations.
Client 65 finished operations.
Client 74 completed 159545 operations.
Client 167 finished operations.
Client 75 completed 158525 operations.
Client 193 finished operations.
Client 76 completed 161506 operations.
Client 10 finished operations.
Client 77 completed 159373 operations.
Client 8 finished operations.
Client 78 completed 160480 operations.
Client 39 finished operations.
Client 79 completed 159482 operations.
Client 146 finished operations.
Client 80 completed 162604 operations.
Client 52 finished operations.
Client 81 completed 162457 operations.
Client 95 finished operations.
Client 82 completed 161488 operations.
Client 32 finished operations.
Client 83 completed 163471 operations.
Client 104 finished operations.
Client 84 completed 161401 operations.
Client 233 finished operations.
Client 85 completed 166369 operations.
Client 141 finished operations.
Client 86 completed 161422 operations.
Client 28 finished operations.
Client 87 completed 162460 operations.
Client 86 finished operations.
Client 88 completed 161467 operations.
Client 74 finished operations.
Client 89 completed 158552 operations.
Client 75 finished operations.
Client 90 completed 161349 operations.
Client 214 finished operations.
Client 91 completed 160457 operations.
Client 4 finished operations.
Client 92 completed 159442 operations.
Client 242 finished operations.
Client 93 completed 162452 operations.
Client 124 finished operations.
Client 94 completed 162446 operations.
Client 114 finished operations.
Client 95 completed 161472 operations.
Client 26 finished operations.
Client 96 completed 164470 operations.
Client 62 finished operations.
Client 97 completed 156664 operations.
Client 54 finished operations.
Client 98 completed 157578 operations.
Client 59 finished operations.
Client 99 completed 164380 operations.
Client 216 finished operations.
Client 100 completed 159528 operations.
Client 48 finished operations.
Client 101 completed 162503 operations.
Client 231 finished operations.
Client 102 completed 167488 operations.
Client 85 finished operations.
Client 103 completed 160475 operations.
Client 200 finished operations.
Client 104 completed 158363 operations.
Client 45 finished operations.
Client 105 completed 154544 operations.
Client 211 finished operations.
Client 106 completed 159582 operations.
Client 91 finished operations.
Client 107 completed 159426 operations.
Client 50 finished operations.
Client 108 completed 161412 operations.
Client 176 finished operations.
Client 109 completed 160557 operations.
Client 142 finished operations.
Client 110 completed 162554 operations.
Client 82 finished operations.
Client 111 completed 157504 operations.
Client 223 finished operations.
Client 112 completed 162288 operations.
Client 53 finished operations.
Client 113 completed 162577 operations.
Client 83 finished operations.
Client 114 completed 157435 operations.
Client 5 finished operations.
Client 115 completed 160546 operations.
Client 179 finished operations.
Client 116 completed 162524 operations.
Client 182 finished operations.
Client 117 completed 159567 operations.
Client 133 finished operations.
Client 118 completed 164501 operations.
Client 21 finished operations.
Client 119 completed 159534 operations.
Client 156 finished operations.
Client 120 completed 158564 operations.
Client 160 finished operations.
Client 121 completed 159557 operations.
Client 199 finished operations.
Client 93 finished operations.
Client 122 completed 163525 operations.
Client 123 completed 159466 operations.
Client 177 finished operations.
Client 124 completed 158414 operations.
Client 252 finished operations.
Client 125 completed 159491 operations.
Client 196 finished operations.
Client 126 completed 158583 operations.
Client 237 finished operations.
Client 127 completed 162631 operations.
Client 103 finished operations.
Client 128 completed 164446 operations.
Client 192 finished operations.
Client 129 completed 164421 operations.
Client 106 finished operations.
Client 130 completed 161514 operations.
Client 251 finished operations.
Client 131 completed 163331 operations.
Client 224 finished operations.
Client 132 completed 163535 operations.
Client 51 finished operations.
Client 133 completed 162566 operations.
Client 157 finished operations.
Client 134 completed 162614 operations.
Client 116 finished operations.
Client 135 completed 159466 operations.
Client 246 finished operations.
Client 136 completed 158440 operations.
Client 18 finished operations.
Client 137 completed 161485 operations.
Client 123 finished operations.
Client 138 completed 161380 operations.
Client 235 finished operations.
Client 139 completed 163408 operations.
Client 17 finished operations.
Client 140 completed 160523 operations.
Client 131 finished operations.
Client 141 completed 162522 operations.
Client 40 finished operations.
Client 142 completed 158482 operations.
Client 145 finished operations.
Client 143 completed 161577 operations.
Client 164 finished operations.
Client 144 completed 160498 operations.
Client 243 finished operations.
Client 13 finished operations.
Client 145 completed 161516 operations.
Client 146 completed 164428 operations.
Client 79 finished operations.
Client 147 completed 160670 operations.
Client 151 finished operations.
Client 148 completed 163540 operations.
Client 77 finished operations.
Client 149 completed 160511 operations.
Client 134 finished operations.
Client 150 completed 163606 operations.
Client 139 finished operations.
Client 151 completed 159564 operations.
Client 55 finished operations.
Client 152 completed 166364 operations.
Client 173 finished operations.
Client 153 completed 160529 operations.
Client 183 finished operations.
Client 154 completed 162446 operations.
Client 161 finished operations.
Client 155 completed 163553 operations.
Client 212 finished operations.
Client 156 completed 162440 operations.
Client 155 finished operations.
Client 157 completed 157420 operations.
Client 245 finished operations.
Client 158 completed 162517 operations.
Client 98 finished operations.
Client 159 completed 159517 operations.
Client 111 finished operations.
Client 160 completed 162381 operations.
Client 87 finished operations.
Client 161 completed 158440 operations.
Client 195 finished operations.
Client 162 completed 163538 operations.
Client 20 finished operations.
Client 84 finished operations.
Client 30 finished operations.
Client 163 completed 165511 operations.
Client 164 completed 160590 operations.
Client 165 completed 158508 operations.
Client 236 finished operations.
Client 166 completed 158372 operations.
Client 227 finished operations.
Client 167 completed 165375 operations.
Client 43 finished operations.
Client 168 completed 160574 operations.
Client 115 finished operations.
Client 169 completed 159519 operations.
Client 190 finished operations.
Client 170 completed 161566 operations.
Client 96 finished operations.
Client 171 completed 161585 operations.
Client 92 finished operations.
Client 172 completed 161465 operations.
Client 185 finished operations.
Client 173 completed 157494 operations.
Client 226 finished operations.
Client 174 completed 162367 operations.
Client 47 finished operations.
Client 175 completed 163548 operations.
Client 66 finished operations.
Client 176 completed 158565 operations.
Client 24 finished operations.
Client 177 completed 162370 operations.
Client 222 finished operations.
Client 178 completed 160501 operations.
Client 33 finished operations.
Client 179 completed 160526 operations.
Client 255 finished operations.
Client 180 completed 162555 operations.
Client 49 finished operations.
Client 181 completed 162492 operations.
Client 217 finished operations.
Client 182 completed 161406 operations.
Client 132 finished operations.
Client 183 completed 159544 operations.
Client 158 finished operations.
Client 184 completed 164425 operations.
Client 11 finished operations.
Client 185 completed 166402 operations.
Client 253 finished operations.
Client 186 completed 166454 operations.
Client 112 finished operations.
Client 181 finished operations.
Client 187 completed 162445 operations.
Client 188 completed 163472 operations.
Client 88 finished operations.
Client 189 completed 160607 operations.
Client 57 finished operations.
Client 190 completed 162436 operations.
Client 241 finished operations.
Client 191 completed 160377 operations.
Client 60 finished operations.
Client 192 completed 165661 operations.
Client 152 finished operations.
Client 193 completed 161419 operations.
Client 186 finished operations.
Client 194 completed 161348 operations.
Client 22 finished operations.
Client 195 completed 156482 operations.
Client 108 finished operations.
Client 196 completed 161394 operations.
Client 240 finished operations.
Client 197 completed 160465 operations.
Client 34 finished operations.
Client 198 completed 165514 operations.
Client 119 finished operations.
Client 199 completed 159356 operations.
Client 238 finished operations.
Client 200 completed 162608 operations.
Client 205 finished operations.
Client 201 completed 164515 operations.
Client 148 finished operations.
Client 202 completed 162528 operations.
Client 56 finished operations.
Client 203 completed 161586 operations.
Client 225 finished operations.
Client 204 completed 161477 operations.
Client 99 finished operations.
Client 205 completed 163414 operations.
Client 210 finished operations.
Client 206 completed 160567 operations.
Client 203 finished operations.
Client 250 finished operations.
Client 207 completed 158511 operations.
Client 208 completed 166582 operations.
Client 107 finished operations.
Client 209 completed 163373 operations.
Client 130 finished operations.
Client 210 completed 166497 operations.
Client 64 finished operations.
Client 211 completed 159555 operations.
Client 70 finished operations.
Client 212 completed 160503 operations.
Client 174 finished operations.
Client 213 completed 156473 operations.
Client 189 finished operations.
Client 214 completed 161482 operations.
Client 187 finished operations.
Client 215 completed 159422 operations.
Client 170 finished operations.
Client 216 completed 162477 operations.
Client 102 finished operations.
Client 217 completed 166412 operations.
Client 249 finished operations.
Client 218 completed 160495 operations.
Client 7 finished operations.
Client 219 completed 161551 operations.
Client 138 finished operations.
Client 220 completed 160520 operations.
Client 162 finished operations.
Client 221 completed 161575 operations.
Client 201 finished operations.
Client 222 completed 160493 operations.
Client 46 finished operations.
Client 223 completed 161443 operations.
Client 165 finished operations.
Client 224 completed 160531 operations.
Client 38 finished operations.
Client 225 completed 156532 operations.
Client 61 finished operations.
Client 226 completed 159471 operations.
Client 166 finished operations.
Client 227 completed 162405 operations.
Client 37 finished operations.
Client 228 completed 163443 operations.
Client 35 finished operations.
Client 229 completed 162346 operations.
Client 89 finished operations.
Client 230 completed 163500 operations.
Client 137 finished operations.
Client 231 completed 163473 operations.
Client 228 finished operations.
Client 232 completed 161516 operations.
Client 248 finished operations.
Client 233 completed 165321 operations.
Client 121 finished operations.
Client 234 completed 166443 operations.
Client 12 finished operations.
Client 235 completed 158509 operations.
Client 41 finished operations.
Client 80 finished operations.
Client 236 completed 160356 operations.
Client 237 completed 169427 operations.
Client 94 finished operations.
Client 238 completed 162407 operations.
Client 163 finished operations.
Client 239 completed 164498 operations.
Client 113 finished operations.
Client 240 completed 162596 operations.
Client 209 finished operations.
Client 241 completed 164488 operations.
Client 15 finished operations.
Client 242 completed 158425 operations.
Client 110 finished operations.
Client 243 completed 163407 operations.
Client 180 finished operations.
Client 244 completed 165379 operations.
Client 0 finished operations.
Client 245 completed 160433 operations.
Client 175 finished operations.
Client 204 finished operations.
Client 246 completed 161438 operations.
Client 247 completed 164541 operations.
Client 169 finished operations.
Client 248 completed 160418 operations.
Client 44 finished operations.
Client 249 completed 161443 operations.
Client 69 finished operations.
Client 250 completed 165428 operations.
Client 23 finished operations.
Client 251 completed 162541 operations.
Client 136 finished operations.
Client 252 completed 162371 operations.
Client 159 finished operations.
Client 253 completed 160420 operations.
Client 16 finished operations.
Client 254 completed 160467 operations.
Client 143 finished operations.
Client 255 completed 162535 operations.
throughput 1374333.66 ops/s
