hosts [node0:8080 node1:8080 node2:8080 node3:8080]
theta 0.99
workload YCSB-B
secs 30
Client 40 finished operations.
Client 0 completed 157680 operations.
Client 178 finished operations.
Client 1 completed 157688 operations.
Client 151 finished operations.
Client 2 completed 163604 operations.
Client 240 finished operations.
Client 3 completed 157709 operations.
Client 64 finished operations.
Client 4 completed 160652 operations.
Client 27 finished operations.
Client 5 completed 152633 operations.
Client 168 finished operations.
Client 6 completed 159588 operations.
Client 243 finished operations.
Client 7 completed 155732 operations.
Client 177 finished operations.
Client 8 completed 163477 operations.
Client 211 finished operations.
Client 9 completed 155656 operations.
Client 96 finished operations.
Client 10 completed 163648 operations.
Client 78 finished operations.
Client 11 completed 156537 operations.
Client 22 finished operations.
Client 12 completed 157570 operations.
Client 141 finished operations.
Client 13 completed 160523 operations.
Client 9 finished operations.
Client 14 completed 154622 operations.
Client 119 finished operations.
Client 15 completed 156636 operations.
Client 19 finished operations.
Client 16 completed 155637 operations.
Client 250 finished operations.
Client 17 completed 158556 operations.
Client 200 finished operations.
Client 18 completed 156644 operations.
Client 154 finished operations.
Client 19 completed 156724 operations.
Client 149 finished operations.
Client 20 completed 156684 operations.
Client 197 finished operations.
Client 21 completed 155622 operations.
Client 5 finished operations.
Client 22 completed 160616 operations.
Client 131 finished operations.
Client 23 completed 160594 operations.
Client 204 finished operations.
Client 24 completed 152642 operations.
Client 136 finished operations.
Client 25 completed 161539 operations.
Client 219 finished operations.
Client 26 completed 160610 operations.
Client 201 finished operations.
Client 27 completed 157608 operations.
Client 24 finished operations.
Client 28 completed 158547 operations.
Client 233 finished operations.
Client 29 completed 159593 operations.
Client 224 finished operations.
Client 30 completed 159661 operations.
Client 88 finished operations.
Client 31 completed 157537 operations.
Client 12 finished operations.
Client 32 completed 156585 operations.
Client 61 finished operations.
Client 33 completed 160698 operations.
Client 100 finished operations.
Client 34 completed 157596 operations.
Client 160 finished operations.
Client 35 completed 157579 operations.
Client 113 finished operations.
Client 36 completed 163486 operations.
Client 172 finished operations.
Client 37 completed 154496 operations.
Client 65 finished operations.
Client 38 completed 160461 operations.
Client 58 finished operations.
Client 39 completed 161664 operations.
Client 206 finished operations.
Client 40 completed 155599 operations.
Client 144 finished operations.
Client 41 completed 157523 operations.
Client 139 finished operations.
Client 42 completed 154766 operations.
Client 42 finished operations.
Client 43 completed 159523 operations.
Client 66 finished operations.
Client 44 completed 155647 operations.
Client 126 finished operations.
Client 45 completed 153652 operations.
Client 72 finished operations.
Client 46 completed 158534 operations.
Client 195 finished operations.
Client 47 completed 158585 operations.
Client 3 finished operations.
Client 48 completed 155475 operations.
Client 127 finished operations.
Client 49 completed 156615 operations.
Client 116 finished operations.
Client 50 completed 158656 operations.
Client 242 finished operations.
Client 51 completed 161510 operations.
Client 93 finished operations.
Client 52 completed 153699 operations.
Client 246 finished operations.
Client 53 completed 156553 operations.
Client 13 finished operations.
Client 54 completed 158606 operations.
Client 32 finished operations.
Client 55 completed 159578 operations.
Client 132 finished operations.
Client 56 completed 157623 operations.
Client 73 finished operations.
Client 57 completed 157710 operations.
Client 167 finished operations.
Client 58 completed 157549 operations.
Client 128 finished operations.
Client 59 completed 158581 operations.
Client 176 finished operations.
Client 60 completed 159653 operations.
Client 202 finished operations.
Client 61 completed 157627 operations.
Client 143 finished operations.
Client 62 completed 160461 operations.
Client 38 finished operations.
Client 63 completed 158442 operations.
Client 171 finished operations.
Client 64 completed 153559 operations.
Client 63 finished operations.
Client 65 completed 157709 operations.
Client 21 finished operations.
Client 66 completed 156673 operations.
Client 155 finished operations.
Client 67 completed 160526 operations.
Client 18 finished operations.
Client 68 completed 157700 operations.
Client 145 finished operations.
Client 69 completed 163489 operations.
Client 133 finished operations.
Client 70 completed 156611 operations.
Client 180 finished operations.
Client 71 completed 158562 operations.
Client 33 finished operations.
Client 72 completed 161568 operations.
Client 41 finished operations.
Client 73 completed 154601 operations.
Client 189 finished operations.
Client 74 completed 154710 operations.
Client 29 finished operations.
Client 75 completed 155635 operations.
Client 36 finished operations.
Client 76 completed 157576 operations.
Client 248 finished operations.
Client 77 completed 156617 operations.
Client 134 finished operations.
Client 78 completed 159578 operations.
Client 228 finished operations.
Client 79 completed 159596 operations.
Client 238 finished operations.
Client 80 completed 157615 operations.
Client 229 finished operations.
Client 81 completed 155711 operations.
Client 235 finished operations.
Client 82 completed 154568 operations.
Client 67 finished operations.
Client 83 completed 163570 operations.
Client 230 finished operations.
Client 84 completed 156610 operations.
Client 118 finished operations.
Client 85 completed 156521 operations.
Client 37 finished operations.
Client 86 completed 158601 operations.
Client 4 finished operations.
Client 87 completed 159453 operations.
Client 55 finished operations.
Client 88 completed 153621 operations.
Client 45 finished operations.
Client 89 completed 156684 operations.
Client 186 finished operations.
Client 90 completed 155578 operations.
Client 99 finished operations.
Client 91 completed 163483 operations.
Client 221 finished operations.
Client 92 completed 160549 operations.
Client 252 finished operations.
Client 93 completed 161506 operations.
Client 187 finished operations.
Client 94 completed 155487 operations.
Client 97 finished operations.
Client 95 completed 157483 operations.
Client 255 finished operations.
Client 96 completed 157663 operations.
Client 125 finished operations.
Client 97 completed 163565 operations.
Client 11 finished operations.
Client 98 completed 157650 operations.
Client 16 finished operations.
Client 99 completed 156594 operations.
Client 231 finished operations.
Client 100 completed 156583 operations.
Client 152 finished operations.
Client 101 completed 160569 operations.
Client 57 finished operations.
Client 102 completed 158539 operations.
Client 23 finished operations.
Client 103 completed 158542 operations.
Client 70 finished operations.
Client 104 completed 158611 operations.
Client 135 finished operations.
Client 105 completed 157595 operations.
Client 150 finished operations.
Client 106 completed 158645 operations.
Client 237 finished operations.
Client 107 completed 158537 operations.
Client 214 finished operations.
Client 108 completed 163636 operations.
Client 102 finished operations.
Client 109 completed 158600 operations.
Client 112 finished operations.
Client 110 completed 159600 operations.
Client 158 finished operations.
Client 111 completed 161511 operations.
Client 8 finished operations.
Client 112 completed 156580 operations.
Client 44 finished operations.
Client 113 completed 156434 operations.
Client 153 finished operations.
Client 114 completed 156500 operations.
Client 236 finished operations.
Client 115 completed 157534 operations.
Client 120 finished operations.
Client 116 completed 159514 operations.
Client 34 finished operations.
Client 117 completed 156612 operations.
Client 110 finished operations.
Client 118 completed 155511 operations.
Client 17 finished operations.
Client 119 completed 161384 operations.
Client 98 finished operations.
Client 120 completed 154532 operations.
Client 54 finished operations.
Client 121 completed 159592 operations.
Client 80 finished operations.
Client 122 completed 161640 operations.
Client 205 finished operations.
Client 123 completed 159593 operations.
Client 138 finished operations.
Client 124 completed 155581 operations.
Client 76 finished operations.
Client 125 completed 158612 operations.
Client 109 finished operations.
Client 126 completed 158573 operations.
Client 94 finished operations.
Client 127 completed 158541 operations.
Client 108 finished operations.
Client 128 completed 157729 operations.
Client 82 finished operations.
Client 129 completed 157515 operations.
Client 71 finished operations.
Client 130 completed 158510 operations.
Client 184 finished operations.
Client 131 completed 158581 operations.
Client 81 finished operations.
Client 132 completed 154650 operations.
Client 146 finished operations.
Client 133 completed 163585 operations.
Client 210 finished operations.
Client 134 completed 156534 operations.
Client 222 finished operations.
Client 135 completed 159546 operations.
Client 241 finished operations.
Client 136 completed 157753 operations.
Client 10 finished operations.
Client 137 completed 155592 operations.
Client 185 finished operations.
Client 138 completed 160489 operations.
Client 101 finished operations.
Client 139 completed 159606 operations.
Client 196 finished operations.
Client 140 completed 158615 operations.
Client 208 finished operations.
Client 141 completed 158445 operations.
Client 174 finished operations.
Client 142 completed 157515 operations.
Client 84 finished operations.
Client 143 completed 159568 operations.
Client 165 finished operations.
Client 144 completed 160505 operations.
Client 142 finished operations.
Client 145 completed 159678 operations.
Client 157 finished operations.
Client 146 completed 159632 operations.
Client 223 finished operations.
Client 147 completed 161628 operations.
Client 86 finished operations.
Client 148 completed 155614 operations.
Client 147 finished operations.
Client 149 completed 157684 operations.
Client 89 finished operations.
Client 150 completed 158473 operations.
Client 226 finished operations.
Client 151 completed 159586 operations.
Client 245 finished operations.
Client 152 completed 160449 operations.
Client 6 finished operations.
Client 153 completed 159359 operations.
Client 31 finished operations.
Client 154 completed 160518 operations.
Client 140 finished operations.
Client 155 completed 156620 operations.
Client 115 finished operations.
Client 156 completed 158705 operations.
Client 253 finished operations.
Client 157 completed 159530 operations.
Client 130 finished operations.
Client 158 completed 156588 operations.
Client 199 finished operations.
Client 159 completed 152702 operations.
Client 213 finished operations.
Client 160 completed 158457 operations.
Client 75 finished operations.
Client 161 completed 158546 operations.
Client 104 finished operations.
Client 162 completed 157596 operations.
Client 249 finished operations.
Client 163 completed 158640 operations.
Client 190 finished operations.
Client 164 completed 161604 operations.
Client 244 finished operations.
Client 165 completed 157559 operations.
Client 35 finished operations.
Client 166 completed 156505 operations.
Client 192 finished operations.
Client 167 completed 155593 operations.
Client 215 finished operations.
Client 168 completed 156624 operations.
Client 74 finished operations.
Client 169 completed 161398 operations.
Client 59 finished operations.
Client 170 completed 157565 operations.
Client 2 finished operations.
Client 171 completed 166537 operations.
Client 50 finished operations.
Client 172 completed 151649 operations.
Client 166 finished operations.
Client 173 completed 158527 operations.
Client 111 finished operations.
Client 174 completed 159369 operations.
Client 53 finished operations.
Client 175 completed 154566 operations.
Client 28 finished operations.
Client 176 completed 161431 operations.
Client 49 finished operations.
Client 177 completed 157611 operations.
Client 51 finished operations.
Client 178 completed 154549 operations.
Client 209 finished operations.
Client 179 completed 157570 operations.
Client 95 finished operations.
Client 180 completed 159479 operations.
Client 103 finished operations.
Client 181 completed 158480 operations.
Client 170 finished operations.
Client 182 completed 154577 operations.
Client 14 finished operations.
Client 183 completed 156564 operations.
Client 212 finished operations.
Client 184 completed 157677 operations.
Client 181 finished operations.
Client 185 completed 163530 operations.
Client 62 finished operations.
Client 186 completed 157622 operations.
Client 191 finished operations.
Client 187 completed 160617 operations.
Client 194 finished operations.
Client 188 completed 159417 operations.
Client 26 finished operations.
Client 189 completed 161466 operations.
Client 124 finished operations.
Client 190 completed 157673 operations.
Client 68 finished operations.
Client 191 completed 161638 operations.
Client 188 finished operations.
Client 192 completed 157649 operations.
Client 47 finished operations.
Client 193 completed 163580 operations.
Client 179 finished operations.
Client 194 completed 159500 operations.
Client 232 finished operations.
Client 195 completed 159551 operations.
Client 182 finished operations.
Client 196 completed 155506 operations.
Client 122 finished operations.
Client 197 completed 158543 operations.
Client 25 finished operations.
Client 198 completed 158661 operations.
Client 121 finished operations.
Client 199 completed 159627 operations.
Client 117 finished operations.
Client 200 completed 162572 operations.
Client 1 finished operations.
Client 201 completed 155562 operations.
Client 156 finished operations.
Client 202 completed 159517 operations.
Client 56 finished operations.
Client 203 completed 160558 operations.
Client 20 finished operations.
Client 204 completed 153625 operations.
Client 129 finished operations.
Client 205 completed 157566 operations.
Client 39 finished operations.
Client 206 completed 161404 operations.
Client 207 finished operations.
Client 193 finished operations.
Client 207 completed 162469 operations.
Client 208 completed 156399 operations.
Client 87 finished operations.
Client 209 completed 162516 operations.
Client 43 finished operations.
Client 210 completed 157526 operations.
Client 254 finished operations.
Client 211 completed 153579 operations.
Client 77 finished operations.
Client 212 completed 160576 operations.
Client 46 finished operations.
Client 213 completed 159642 operations.
Client 216 finished operations.
Client 214 completed 159533 operations.
Client 220 finished operations.
Client 215 completed 155606 operations.
Client 48 finished operations.
Client 216 completed 160632 operations.
Client 159 finished operations.
Client 217 completed 159527 operations.
Client 251 finished operations.
Client 218 completed 158680 operations.
Client 0 finished operations.
Client 219 completed 157622 operations.
Client 175 finished operations.
Client 220 completed 155467 operations.
Client 7 finished operations.
Client 221 completed 157635 operations.
Client 203 finished operations.
Client 222 completed 158659 operations.
Client 161 finished operations.
Client 223 completed 153690 operations.
Client 15 finished operations.
Client 224 completed 160572 operations.
Client 162 finished operations.
Client 225 completed 158588 operations.
Client 52 finished operations.
Client 226 completed 158564 operations.
Client 164 finished operations.
Client 227 completed 160550 operations.
Client 163 finished operations.
Client 228 completed 156573 operations.
Client 234 finished operations.
Client 229 completed 158642 operations.
Client 79 finished operations.
Client 85 finished operations.
Client 230 completed 157672 operations.
Client 231 completed 164544 operations.
Client 106 finished operations.
Client 232 completed 158594 operations.
Client 173 finished operations.
Client 233 completed 157569 operations.
Client 217 finished operations.
Client 234 completed 158734 operations.
Client 148 finished operations.
Client 235 completed 156575 operations.
Client 30 finished operations.
Client 236 completed 156546 operations.
Client 198 finished operations.
Client 237 completed 154618 operations.
Client 83 finished operations.
Client 238 completed 152602 operations.
Client 105 finished operations.
Client 227 finished operations.
Client 239 completed 159662 operations.
Client 69 finished operations.
Client 240 completed 151622 operations.
Client 241 completed 159527 operations.
Client 91 finished operations.
Client 242 completed 157406 operations.
Client 218 finished operations.
Client 243 completed 164500 operations.
Client 137 finished operations.
Client 244 completed 161607 operations.
Client 239 finished operations.
Client 245 completed 162498 operations.
Client 114 finished operations.
Client 246 completed 159567 operations.
Client 169 finished operations.
Client 247 completed 162520 operations.
Client 225 finished operations.
Client 248 completed 157600 operations.
Client 60 finished operations.
Client 249 completed 158505 operations.
Client 183 finished operations.
Client 250 completed 157640 operations.
Client 123 finished operations.
Client 251 completed 157483 operations.
Client 90 finished operations.
Client 252 completed 162685 operations.
Client 92 finished operations.
Client 253 completed 160385 operations.
Client 247 finished operations.
Client 254 completed 161459 operations.
Client 107 finished operations.
Client 255 completed 157574 operations.
throughput 1347976.10 ops/s
